Archive member included to satisfy reference by file (symbol)

c:/st/stm32cubeide_1.9.0/stm32cubeide/plugins/com.st.stm32cube.ide.mcu.externaltools.gnu-tools-for-stm32.10.3-2021.10.win32_1.0.0.202111181127/tools/bin/../lib/gcc/arm-none-eabi/10.3.1/../../../../arm-none-eabi/lib/thumb/v7-m/nofp\libc_nano.a(lib_a-errno.o)
                              ./Core/Src/syscalls.o (__errno)
c:/st/stm32cubeide_1.9.0/stm32cubeide/plugins/com.st.stm32cube.ide.mcu.externaltools.gnu-tools-for-stm32.10.3-2021.10.win32_1.0.0.202111181127/tools/bin/../lib/gcc/arm-none-eabi/10.3.1/../../../../arm-none-eabi/lib/thumb/v7-m/nofp\libc_nano.a(lib_a-exit.o)
                              c:/st/stm32cubeide_1.9.0/stm32cubeide/plugins/com.st.stm32cube.ide.mcu.externaltools.gnu-tools-for-stm32.10.3-2021.10.win32_1.0.0.202111181127/tools/bin/../lib/gcc/arm-none-eabi/10.3.1/../../../../arm-none-eabi/lib/thumb/v7-m/nofp/crt0.o (exit)
c:/st/stm32cubeide_1.9.0/stm32cubeide/plugins/com.st.stm32cube.ide.mcu.externaltools.gnu-tools-for-stm32.10.3-2021.10.win32_1.0.0.202111181127/tools/bin/../lib/gcc/arm-none-eabi/10.3.1/../../../../arm-none-eabi/lib/thumb/v7-m/nofp\libc_nano.a(lib_a-impure.o)
                              c:/st/stm32cubeide_1.9.0/stm32cubeide/plugins/com.st.stm32cube.ide.mcu.externaltools.gnu-tools-for-stm32.10.3-2021.10.win32_1.0.0.202111181127/tools/bin/../lib/gcc/arm-none-eabi/10.3.1/../../../../arm-none-eabi/lib/thumb/v7-m/nofp\libc_nano.a(lib_a-exit.o) (_global_impure_ptr)
c:/st/stm32cubeide_1.9.0/stm32cubeide/plugins/com.st.stm32cube.ide.mcu.externaltools.gnu-tools-for-stm32.10.3-2021.10.win32_1.0.0.202111181127/tools/bin/../lib/gcc/arm-none-eabi/10.3.1/../../../../arm-none-eabi/lib/thumb/v7-m/nofp\libc_nano.a(lib_a-init.o)
                              c:/st/stm32cubeide_1.9.0/stm32cubeide/plugins/com.st.stm32cube.ide.mcu.externaltools.gnu-tools-for-stm32.10.3-2021.10.win32_1.0.0.202111181127/tools/bin/../lib/gcc/arm-none-eabi/10.3.1/../../../../arm-none-eabi/lib/thumb/v7-m/nofp/crt0.o (__libc_init_array)
c:/st/stm32cubeide_1.9.0/stm32cubeide/plugins/com.st.stm32cube.ide.mcu.externaltools.gnu-tools-for-stm32.10.3-2021.10.win32_1.0.0.202111181127/tools/bin/../lib/gcc/arm-none-eabi/10.3.1/../../../../arm-none-eabi/lib/thumb/v7-m/nofp\libc_nano.a(lib_a-memcpy-stub.o)
                              ./Core/Src/Eeprom.o (memcpy)
c:/st/stm32cubeide_1.9.0/stm32cubeide/plugins/com.st.stm32cube.ide.mcu.externaltools.gnu-tools-for-stm32.10.3-2021.10.win32_1.0.0.202111181127/tools/bin/../lib/gcc/arm-none-eabi/10.3.1/../../../../arm-none-eabi/lib/thumb/v7-m/nofp\libc_nano.a(lib_a-memset.o)
                              c:/st/stm32cubeide_1.9.0/stm32cubeide/plugins/com.st.stm32cube.ide.mcu.externaltools.gnu-tools-for-stm32.10.3-2021.10.win32_1.0.0.202111181127/tools/bin/../lib/gcc/arm-none-eabi/10.3.1/../../../../arm-none-eabi/lib/thumb/v7-m/nofp/crt0.o (memset)

Allocating common symbols
Common symbol       size              file

RequestFromClientToSrv
                    0x21              ./Core/Src/main.o
Master              0x22              ./Core/Src/main.o
Temp_R_A_B          0x60              ./Core/Src/Eeprom.o
SelectedOptionValue1
                    0x4               ./Core/Src/main.o
Voltage10Percent    0x2               ./Core/Src/main.o
Slave               0x22              ./Core/Src/main.o
Current             0x2               ./Core/Src/Eeprom.o
CellsDatabase       0xe0              ./Core/Src/Eeprom.o
Battery             0xa               ./Core/Src/Eeprom.o
AnswerFromSrvToClient
                    0x42              ./Core/Src/main.o
ChargeDurationSec   0x4               ./Core/Src/main.o
RegularConvData     0x20              ./Core/Src/Eeprom.o
U_Controller        0x2               ./Core/Src/Eeprom.o
step                0x4               ./Core/Src/main.o
SelectedOptionValue
                    0x4               ./Core/Src/main.o
Voltage95Percent    0x2               ./Core/Src/main.o
LoggingData         0x19c             ./Core/Src/Eeprom.o

Discarded input sections

 .text          0x0000000000000000        0x0 c:/st/stm32cubeide_1.9.0/stm32cubeide/plugins/com.st.stm32cube.ide.mcu.externaltools.gnu-tools-for-stm32.10.3-2021.10.win32_1.0.0.202111181127/tools/bin/../lib/gcc/arm-none-eabi/10.3.1/thumb/v7-m/nofp/crti.o
 .data          0x0000000000000000        0x0 c:/st/stm32cubeide_1.9.0/stm32cubeide/plugins/com.st.stm32cube.ide.mcu.externaltools.gnu-tools-for-stm32.10.3-2021.10.win32_1.0.0.202111181127/tools/bin/../lib/gcc/arm-none-eabi/10.3.1/thumb/v7-m/nofp/crti.o
 .bss           0x0000000000000000        0x0 c:/st/stm32cubeide_1.9.0/stm32cubeide/plugins/com.st.stm32cube.ide.mcu.externaltools.gnu-tools-for-stm32.10.3-2021.10.win32_1.0.0.202111181127/tools/bin/../lib/gcc/arm-none-eabi/10.3.1/thumb/v7-m/nofp/crti.o
[...]
Memory Configuration

Name             Origin             Length             Attributes
RAM              0x0000000020000000 0x0000000000006000 xrw
FLASH            0x0000000008000000 0x0000000000040000 xr
*default*        0x0000000000000000 0xffffffffffffffff

Linker script and memory map

LOAD c:/st/stm32cubeide_1.9.0/stm32cubeide/plugins/com.st.stm32cube.ide.mcu.externaltools.gnu-tools-for-stm32.10.3-2021.10.win32_1.0.0.202111181127/tools/bin/../lib/gcc/arm-none-eabi/10.3.1/thumb/v7-m/nofp/crti.o
LOAD c:/st/stm32cubeide_1.9.0/stm32cubeide/plugins/com.st.stm32cube.ide.mcu.externaltools.gnu-tools-for-stm32.10.3-2021.10.win32_1.0.0.202111181127/tools/bin/../lib/gcc/arm-none-eabi/10.3.1/thumb/v7-m/nofp/crtbegin.o
LOAD c:/st/stm32cubeide_1.9.0/stm32cubeide/plugins/com.st.stm32cube.ide.mcu.externaltools.gnu-tools-for-stm32.10.3-2021.10.win32_1.0.0.202111181127/tools/bin/../lib/gcc/arm-none-eabi/10.3.1/../../../../arm-none-eabi/lib/thumb/v7-m/nofp/crt0.o
LOAD ./Core/Src/Eeprom.o
LOAD ./Core/Src/General.o
LOAD ./Core/Src/Lib.o
LOAD ./Core/Src/main.o
LOAD ./Core/Src/stm32f1xx_it.o
LOAD ./Core/Src/syscalls.o
LOAD ./Core/Src/sysmem.o
LOAD ./Core/Src/system_stm32f1xx.o
LOAD ./Core/Src/usart.o
LOAD ./Core/Startup/startup_stm32f100rctx.o
LOAD ./Drivers/STM32F1xx_HAL_Driver/Src/stm32f1xx_ll_adc.o
LOAD ./Drivers/STM32F1xx_HAL_Driver/Src/stm32f1xx_ll_dma.o
LOAD ./Drivers/STM32F1xx_HAL_Driver/Src/stm32f1xx_ll_exti.o
LOAD ./Drivers/STM32F1xx_HAL_Driver/Src/stm32f1xx_ll_gpio.o
LOAD ./Drivers/STM32F1xx_HAL_Driver/Src/stm32f1xx_ll_pwr.o
LOAD ./Drivers/STM32F1xx_HAL_Driver/Src/stm32f1xx_ll_rcc.o
LOAD ./Drivers/STM32F1xx_HAL_Driver/Src/stm32f1xx_ll_tim.o
LOAD ./Drivers/STM32F1xx_HAL_Driver/Src/stm32f1xx_ll_usart.o
LOAD ./Drivers/STM32F1xx_HAL_Driver/Src/stm32f1xx_ll_utils.o
START GROUP
LOAD c:/st/stm32cubeide_1.9.0/stm32cubeide/plugins/com.st.stm32cube.ide.mcu.externaltools.gnu-tools-for-stm32.10.3-2021.10.win32_1.0.0.202111181127/tools/bin/../lib/gcc/arm-none-eabi/10.3.1/../../../../arm-none-eabi/lib/thumb/v7-m/nofp\libc_nano.a
LOAD c:/st/stm32cubeide_1.9.0/stm32cubeide/plugins/com.st.stm32cube.ide.mcu.externaltools.gnu-tools-for-stm32.10.3-2021.10.win32_1.0.0.202111181127/tools/bin/../lib/gcc/arm-none-eabi/10.3.1/../../../../arm-none-eabi/lib/thumb/v7-m/nofp\libm.a
END GROUP
START GROUP
LOAD c:/st/stm32cubeide_1.9.0/stm32cubeide/plugins/com.st.stm32cube.ide.mcu.externaltools.gnu-tools-for-stm32.10.3-2021.10.win32_1.0.0.202111181127/tools/bin/../lib/gcc/arm-none-eabi/10.3.1/thumb/v7-m/nofp\libgcc.a
LOAD c:/st/stm32cubeide_1.9.0/stm32cubeide/plugins/com.st.stm32cube.ide.mcu.externaltools.gnu-tools-for-stm32.10.3-2021.10.win32_1.0.0.202111181127/tools/bin/../lib/gcc/arm-none-eabi/10.3.1/../../../../arm-none-eabi/lib/thumb/v7-m/nofp\libc_nano.a
END GROUP
START GROUP
LOAD c:/st/stm32cubeide_1.9.0/stm32cubeide/plugins/com.st.stm32cube.ide.mcu.externaltools.gnu-tools-for-stm32.10.3-2021.10.win32_1.0.0.202111181127/tools/bin/../lib/gcc/arm-none-eabi/10.3.1/thumb/v7-m/nofp\libgcc.a
LOAD c:/st/stm32cubeide_1.9.0/stm32cubeide/plugins/com.st.stm32cube.ide.mcu.externaltools.gnu-tools-for-stm32.10.3-2021.10.win32_1.0.0.202111181127/tools/bin/../lib/gcc/arm-none-eabi/10.3.1/../../../../arm-none-eabi/lib/thumb/v7-m/nofp\libc_nano.a
LOAD c:/st/stm32cubeide_1.9.0/stm32cubeide/plugins/com.st.stm32cube.ide.mcu.externaltools.gnu-tools-for-stm32.10.3-2021.10.win32_1.0.0.202111181127/tools/bin/../lib/gcc/arm-none-eabi/10.3.1/../../../../arm-none-eabi/lib/thumb/v7-m/nofp\libnosys.a
END GROUP
START GROUP
LOAD c:/st/stm32cubeide_1.9.0/stm32cubeide/plugins/com.st.stm32cube.ide.mcu.externaltools.gnu-tools-for-stm32.10.3-2021.10.win32_1.0.0.202111181127/tools/bin/../lib/gcc/arm-none-eabi/10.3.1/thumb/v7-m/nofp\libgcc.a
LOAD c:/st/stm32cubeide_1.9.0/stm32cubeide/plugins/com.st.stm32cube.ide.mcu.externaltools.gnu-tools-for-stm32.10.3-2021.10.win32_1.0.0.202111181127/tools/bin/../lib/gcc/arm-none-eabi/10.3.1/../../../../arm-none-eabi/lib/thumb/v7-m/nofp\libc_nano.a
LOAD c:/st/stm32cubeide_1.9.0/stm32cubeide/plugins/com.st.stm32cube.ide.mcu.externaltools.gnu-tools-for-stm32.10.3-2021.10.win32_1.0.0.202111181127/tools/bin/../lib/gcc/arm-none-eabi/10.3.1/../../../../arm-none-eabi/lib/thumb/v7-m/nofp\libnosys.a
END GROUP
LOAD c:/st/stm32cubeide_1.9.0/stm32cubeide/plugins/com.st.stm32cube.ide.mcu.externaltools.gnu-tools-for-stm32.10.3-2021.10.win32_1.0.0.202111181127/tools/bin/../lib/gcc/arm-none-eabi/10.3.1/thumb/v7-m/nofp/crtend.o
LOAD c:/st/stm32cubeide_1.9.0/stm32cubeide/plugins/com.st.stm32cube.ide.mcu.externaltools.gnu-tools-for-stm32.10.3-2021.10.win32_1.0.0.202111181127/tools/bin/../lib/gcc/arm-none-eabi/10.3.1/thumb/v7-m/nofp/crtn.o
                0x0000000020006000                _estack = (ORIGIN (RAM) + LENGTH (RAM))
                0x0000000000000200                _Min_Heap_Size = 0x200
                0x0000000000000400                _Min_Stack_Size = 0x400

.isr_vector     0x0000000008000000      0x1e4
                0x0000000008000000                . = ALIGN (0x4)
 *(.isr_vector)
 .isr_vector    0x0000000008000000      0x1e4 ./Core/Startup/startup_stm32f100rctx.o
                0x0000000008000000                g_pfnVectors
                0x00000000080001e4                . = ALIGN (0x4)

.text           0x00000000080001e4     0x4e80
                0x00000000080001e4                . = ALIGN (0x4)
 *(.text)
 .text          0x00000000080001e4       0x40 c:/st/stm32cubeide_1.9.0/stm32cubeide/plugins/com.st.stm32cube.ide.mcu.externaltools.gnu-tools-for-stm32.10.3-2021.10.win32_1.0.0.202111181127/tools/bin/../lib/gcc/arm-none-eabi/10.3.1/thumb/v7-m/nofp/crtbegin.o
 *(.text*)
 .text.flash_erase_page
                0x0000000008000224       0x74 ./Core/Src/Eeprom.o
                0x0000000008000224                flash_erase_page
 .text.flash_unlock
                0x0000000008000298       0x24 ./Core/Src/Eeprom.o
                0x0000000008000298                flash_unlock
 .text.flash_lock
                0x00000000080002bc       0x1c ./Core/Src/Eeprom.o
                0x00000000080002bc                flash_lock
 .text.flash_write
                0x00000000080002d8       0x94 ./Core/Src/Eeprom.o
                0x00000000080002d8                flash_write
 .text.flash_write_block
                0x000000000800036c       0xa0 ./Core/Src/Eeprom.o
                0x000000000800036c                flash_write_block
 .text.flash_read_block
                0x000000000800040c       0x58 ./Core/Src/Eeprom.o
                0x000000000800040c                flash_read_block
 .text.flash_read
                0x0000000008000464       0x84 ./Core/Src/Eeprom.o
                0x0000000008000464                flash_read
 .text.CalibrationReadFromFlash
                0x00000000080004e8       0xfc ./Core/Src/Eeprom.o
                0x00000000080004e8                CalibrationReadFromFlash
 .text.SettingsReadFromFlash
                0x00000000080005e4       0xe0 ./Core/Src/Eeprom.o
                0x00000000080005e4                SettingsReadFromFlash
 .text.DataWhenPowerOffReadFromFlash
                0x00000000080006c4       0x78 ./Core/Src/Eeprom.o
                0x00000000080006c4                DataWhenPowerOffReadFromFlash
 .text.ReadFromFlash
                0x000000000800073c       0x98 ./Core/Src/Eeprom.o
                0x000000000800073c                ReadFromFlash
 .text.WriteInLOG
                0x00000000080007d4      0x29c ./Core/Src/General.o
                0x00000000080007d4                WriteInLOG
 .text.InfoToUARTBeforeStart
                0x0000000008000a70      0x270 ./Core/Src/General.o
                0x0000000008000a70                InfoToUARTBeforeStart
 .text.delay_us
                0x0000000008000ce0       0x94 ./Core/Src/General.o
                0x0000000008000ce0                delay_us
 .text.delay_ms
                0x0000000008000d74       0x28 ./Core/Src/General.o
                0x0000000008000d74                delay_ms
 .text.calcCRC  0x0000000008000d9c       0xbc ./Core/Src/General.o
                0x0000000008000d9c                calcCRC
 .text.itoa     0x0000000008000e58       0xec ./Core/Src/Lib.o
                0x0000000008000e58                itoa
 .text.itoa_koma
                0x0000000008000f44      0x1c0 ./Core/Src/Lib.o
                0x0000000008000f44                itoa_koma
 .text.Module16
                0x0000000008001104       0x40 ./Core/Src/Lib.o
                0x0000000008001104                Module16
 .text.Module32
                0x0000000008001144       0x32 ./Core/Src/Lib.o
                0x0000000008001144                Module32
 *fill*         0x0000000008001176        0x2 
 .text.RunningAverageI1
                0x0000000008001178       0x54 ./Core/Src/Lib.o
                0x0000000008001178                RunningAverageI1
 .text.RunningAverageI2
                0x00000000080011cc       0x54 ./Core/Src/Lib.o
                0x00000000080011cc                RunningAverageI2
 .text.RunningAverageU1
                0x0000000008001220       0x54 ./Core/Src/Lib.o
                0x0000000008001220                RunningAverageU1
 .text.RunningAverageU2
                0x0000000008001274       0x54 ./Core/Src/Lib.o
                0x0000000008001274                RunningAverageU2
 .text.RunningAverageU3
                0x00000000080012c8       0x54 ./Core/Src/Lib.o
                0x00000000080012c8                RunningAverageU3
 .text.RunningAverageU4
                0x000000000800131c       0x54 ./Core/Src/Lib.o
                0x000000000800131c                RunningAverageU4
 .text.RunningAverageU5
                0x0000000008001370       0x54 ./Core/Src/Lib.o
                0x0000000008001370                RunningAverageU5
 .text.RunningAverageU6
                0x00000000080013c4       0x54 ./Core/Src/Lib.o
                0x00000000080013c4                RunningAverageU6
 .text.RunningAverageU7
                0x0000000008001418       0x54 ./Core/Src/Lib.o
                0x0000000008001418                RunningAverageU7
 .text.RunningAverageU8
                0x000000000800146c       0x54 ./Core/Src/Lib.o
                0x000000000800146c                RunningAverageU8
 .text.__NVIC_SetPriorityGrouping
                0x00000000080014c0       0x48 ./Core/Src/main.o
 .text.__NVIC_GetPriorityGrouping
                0x0000000008001508       0x1c ./Core/Src/main.o
 .text.__NVIC_EnableIRQ
                0x0000000008001524       0x38 ./Core/Src/main.o
 .text.__NVIC_SetPriority
                0x000000000800155c       0x54 ./Core/Src/main.o
 .text.NVIC_EncodePriority
                0x00000000080015b0       0x64 ./Core/Src/main.o
 .text.SysTick_Config
                0x0000000008001614       0x44 ./Core/Src/main.o
 .text.LL_ADC_DMA_GetRegAddr
                0x0000000008001658       0x18 ./Core/Src/main.o
 .text.LL_ADC_SetCommonPathInternalCh
                0x0000000008001670       0x24 ./Core/Src/main.o
 .text.LL_ADC_REG_SetSequencerRanks
                0x0000000008001694       0x6a ./Core/Src/main.o
 .text.LL_ADC_SetChannelSamplingTime
                0x00000000080016fe       0x96 ./Core/Src/main.o
 .text.LL_ADC_Enable
                0x0000000008001794       0x1e ./Core/Src/main.o
 .text.LL_ADC_StartCalibration
                0x00000000080017b2       0x1e ./Core/Src/main.o
 .text.LL_ADC_IsCalibrationOnGoing
                0x00000000080017d0       0x24 ./Core/Src/main.o
 .text.LL_ADC_REG_StartConversionSWStart
                0x00000000080017f4       0x1e ./Core/Src/main.o
 *fill*         0x0000000008001812        0x2 
 .text.LL_DMA_EnableChannel
                0x0000000008001814       0x3c ./Core/Src/main.o
 .text.LL_DMA_SetDataTransferDirection
                0x0000000008001850       0x48 ./Core/Src/main.o
 .text.LL_DMA_SetMode
                0x0000000008001898       0x44 ./Core/Src/main.o
 .text.LL_DMA_SetPeriphIncMode
                0x00000000080018dc       0x44 ./Core/Src/main.o
 .text.LL_DMA_SetMemoryIncMode
                0x0000000008001920       0x44 ./Core/Src/main.o
 .text.LL_DMA_SetPeriphSize
                0x0000000008001964       0x44 ./Core/Src/main.o
 .text.LL_DMA_SetMemorySize
                0x00000000080019a8       0x44 ./Core/Src/main.o
 .text.LL_DMA_SetChannelPriorityLevel
                0x00000000080019ec       0x44 ./Core/Src/main.o
 .text.LL_DMA_SetDataLength
                0x0000000008001a30       0x44 ./Core/Src/main.o
 .text.LL_DMA_ConfigAddresses
                0x0000000008001a74       0x74 ./Core/Src/main.o
 .text.LL_RCC_HSE_Enable
                0x0000000008001ae8       0x1c ./Core/Src/main.o
 .text.LL_RCC_HSE_IsReady
                0x0000000008001b04       0x24 ./Core/Src/main.o
 .text.LL_RCC_SetSysClkSource
                0x0000000008001b28       0x28 ./Core/Src/main.o
 .text.LL_RCC_GetSysClkSource
                0x0000000008001b50       0x18 ./Core/Src/main.o
 .text.LL_RCC_SetAHBPrescaler
                0x0000000008001b68       0x28 ./Core/Src/main.o
 .text.LL_RCC_SetAPB1Prescaler
                0x0000000008001b90       0x28 ./Core/Src/main.o
 .text.LL_RCC_SetAPB2Prescaler
                0x0000000008001bb8       0x28 ./Core/Src/main.o
 .text.LL_RCC_SetADCClockSource
                0x0000000008001be0       0x28 ./Core/Src/main.o
 .text.LL_RCC_PLL_Enable
                0x0000000008001c08       0x1c ./Core/Src/main.o
 .text.LL_RCC_PLL_IsReady
                0x0000000008001c24       0x24 ./Core/Src/main.o
 .text.LL_RCC_PLL_ConfigDomain_SYS
                0x0000000008001c48       0x44 ./Core/Src/main.o
 .text.LL_AHB1_GRP1_EnableClock
                0x0000000008001c8c       0x30 ./Core/Src/main.o
 .text.LL_APB1_GRP1_EnableClock
                0x0000000008001cbc       0x30 ./Core/Src/main.o
 .text.LL_APB2_GRP1_EnableClock
                0x0000000008001cec       0x30 ./Core/Src/main.o
 .text.LL_TIM_EnableCounter
                0x0000000008001d1c       0x1e ./Core/Src/main.o
 .text.LL_TIM_DisableARRPreload
                0x0000000008001d3a       0x1e ./Core/Src/main.o
 .text.LL_TIM_SetTriggerOutput
                0x0000000008001d58       0x24 ./Core/Src/main.o
 .text.LL_TIM_DisableMasterSlaveMode
                0x0000000008001d7c       0x1e ./Core/Src/main.o
 .text.LL_TIM_EnableIT_UPDATE
                0x0000000008001d9a       0x1e ./Core/Src/main.o
 .text.LL_USART_Enable
                0x0000000008001db8       0x1e ./Core/Src/main.o
 .text.LL_USART_ConfigAsyncMode
                0x0000000008001dd6       0x2a ./Core/Src/main.o
 .text.LL_USART_EnableIT_RXNE
                0x0000000008001e00       0x1e ./Core/Src/main.o
 .text.LL_USART_EnableIT_TXE
                0x0000000008001e1e       0x1e ./Core/Src/main.o
 .text.LL_GPIO_IsInputPinSet
                0x0000000008001e3c       0x2c ./Core/Src/main.o
 .text.LL_GPIO_ResetOutputPin
                0x0000000008001e68       0x1e ./Core/Src/main.o
 *fill*         0x0000000008001e86        0x2 
 .text.LL_GPIO_AF_Remap_SWJ_NOJTAG
                0x0000000008001e88       0x28 ./Core/Src/main.o
 .text.OFF_Itself
                0x0000000008001eb0       0x64 ./Core/Src/main.o
                0x0000000008001eb0                OFF_Itself
 .text.AllBalansirON
                0x0000000008001f14       0x50 ./Core/Src/main.o
                0x0000000008001f14                AllBalansirON
 .text.Balansir_handler
                0x0000000008001f64      0x220 ./Core/Src/main.o
                0x0000000008001f64                Balansir_handler
 .text.MinVoltage_handler
                0x0000000008002184      0x1b0 ./Core/Src/main.o
                0x0000000008002184                MinVoltage_handler
 .text.OffByTimeOutIfNoAction_handler
                0x0000000008002334       0x1c ./Core/Src/main.o
                0x0000000008002334                OffByTimeOutIfNoAction_handler
 .text.VoltageLevelByLEDFlash
                0x0000000008002350       0xd0 ./Core/Src/main.o
                0x0000000008002350                VoltageLevelByLEDFlash
 .text.BUT_Debrief
                0x0000000008002420       0x84 ./Core/Src/main.o
                0x0000000008002420                BUT_Debrief
 .text.BUT_GetKey
                0x00000000080024a4       0x34 ./Core/Src/main.o
                0x00000000080024a4                BUT_GetKey
 .text.SysTick_Callback
                0x00000000080024d8      0x21c ./Core/Src/main.o
                0x00000000080024d8                SysTick_Callback
 .text.adc_func
                0x00000000080026f4      0x574 ./Core/Src/main.o
                0x00000000080026f4                adc_func
 .text.MainScreenAnswer
                0x0000000008002c68      0x184 ./Core/Src/main.o
                0x0000000008002c68                MainScreenAnswer
 .text.SystemInfoAnswer
                0x0000000008002dec       0xa4 ./Core/Src/main.o
                0x0000000008002dec                SystemInfoAnswer
 .text.TIM7_Callback
                0x0000000008002e90       0xf8 ./Core/Src/main.o
                0x0000000008002e90                TIM7_Callback
 .text.Output_ON
                0x0000000008002f88       0x28 ./Core/Src/main.o
                0x0000000008002f88                Output_ON
 .text.Output_OFF
                0x0000000008002fb0       0x28 ./Core/Src/main.o
                0x0000000008002fb0                Output_OFF
 .text.main     0x0000000008002fd8      0x468 ./Core/Src/main.o
                0x0000000008002fd8                main
 .text.SystemClock_Config
                0x0000000008003440       0x70 ./Core/Src/main.o
                0x0000000008003440                SystemClock_Config
 .text.MX_ADC1_Init
                0x00000000080034b0      0x31c ./Core/Src/main.o
 .text.MX_TIM7_Init
                0x00000000080037cc       0x80 ./Core/Src/main.o
 .text.MX_USART1_UART_Init
                0x000000000800384c       0xd8 ./Core/Src/main.o
 .text.MX_USART3_UART_Init
                0x0000000008003924       0xdc ./Core/Src/main.o
 .text.MX_DMA_Init
                0x0000000008003a00       0x2e ./Core/Src/main.o
 *fill*         0x0000000008003a2e        0x2 
 .text.MX_GPIO_Init
                0x0000000008003a30      0x10c ./Core/Src/main.o
 .text.LL_TIM_ClearFlag_UPDATE
                0x0000000008003b3c       0x1a ./Core/Src/stm32f1xx_it.o
 .text.LL_TIM_IsActiveFlag_UPDATE
                0x0000000008003b56       0x24 ./Core/Src/stm32f1xx_it.o
 .text.LL_USART_IsActiveFlag_RXNE
                0x0000000008003b7a       0x24 ./Core/Src/stm32f1xx_it.o
 .text.NMI_Handler
                0x0000000008003b9e        0x6 ./Core/Src/stm32f1xx_it.o
                0x0000000008003b9e                NMI_Handler
 .text.HardFault_Handler
                0x0000000008003ba4        0x6 ./Core/Src/stm32f1xx_it.o
                0x0000000008003ba4                HardFault_Handler
 .text.MemManage_Handler
                0x0000000008003baa        0x6 ./Core/Src/stm32f1xx_it.o
                0x0000000008003baa                MemManage_Handler
 .text.BusFault_Handler
                0x0000000008003bb0        0x6 ./Core/Src/stm32f1xx_it.o
                0x0000000008003bb0                BusFault_Handler
 .text.UsageFault_Handler
                0x0000000008003bb6        0x6 ./Core/Src/stm32f1xx_it.o
                0x0000000008003bb6                UsageFault_Handler
 .text.SVC_Handler
                0x0000000008003bbc        0xc ./Core/Src/stm32f1xx_it.o
                0x0000000008003bbc                SVC_Handler
 .text.DebugMon_Handler
                0x0000000008003bc8        0xc ./Core/Src/stm32f1xx_it.o
                0x0000000008003bc8                DebugMon_Handler
 .text.PendSV_Handler
                0x0000000008003bd4        0xc ./Core/Src/stm32f1xx_it.o
                0x0000000008003bd4                PendSV_Handler
 .text.SysTick_Handler
                0x0000000008003be0        0xc ./Core/Src/stm32f1xx_it.o
                0x0000000008003be0                SysTick_Handler
 .text.DMA1_Channel1_IRQHandler
                0x0000000008003bec        0xc ./Core/Src/stm32f1xx_it.o
                0x0000000008003bec                DMA1_Channel1_IRQHandler
 .text.USART1_IRQHandler
                0x0000000008003bf8       0x84 ./Core/Src/stm32f1xx_it.o
                0x0000000008003bf8                USART1_IRQHandler
 .text.USART3_IRQHandler
                0x0000000008003c7c      0x23c ./Core/Src/stm32f1xx_it.o
                0x0000000008003c7c                USART3_IRQHandler
 .text.TIM7_IRQHandler
                0x0000000008003eb8       0x24 ./Core/Src/stm32f1xx_it.o
                0x0000000008003eb8                TIM7_IRQHandler
 .text.SystemInit
                0x0000000008003edc        0xc ./Core/Src/system_stm32f1xx.o
                0x0000000008003edc                SystemInit
 .text.SystemCoreClockUpdate
                0x0000000008003ee8       0xe0 ./Core/Src/system_stm32f1xx.o
                0x0000000008003ee8                SystemCoreClockUpdate
 .text.LL_USART_IsActiveFlag_TXE
                0x0000000008003fc8       0x24 ./Core/Src/usart.o
 .text.LL_USART_EnableIT_TXE
                0x0000000008003fec       0x1e ./Core/Src/usart.o
 .text.LL_USART_DisableIT_TXE
                0x000000000800400a       0x1e ./Core/Src/usart.o
 .text.LL_USART_TransmitData8
                0x0000000008004028       0x1c ./Core/Src/usart.o
 .text.putCharInBufferUart2
                0x0000000008004044       0x90 ./Core/Src/usart.o
                0x0000000008004044                putCharInBufferUart2
 .text.putDataInBufferUart2
                0x00000000080040d4       0x3e ./Core/Src/usart.o
                0x00000000080040d4                putDataInBufferUart2
 *fill*         0x0000000008004112        0x2 
 .text.putCharDirectToUart2
                0x0000000008004114       0x34 ./Core/Src/usart.o
                0x0000000008004114                putCharDirectToUart2
 .text.getCharFromBufferUART2
                0x0000000008004148       0x88 ./Core/Src/usart.o
                0x0000000008004148                getCharFromBufferUART2
 .text.printToBufferUART1
                0x00000000080041d0      0x118 ./Core/Src/usart.o
                0x00000000080041d0                printToBufferUART1
 .text.printToBufferWithoutEndUART1
                0x00000000080042e8       0xb0 ./Core/Src/usart.o
                0x00000000080042e8                printToBufferWithoutEndUART1
 .text.printToBufferUART1D
                0x0000000008004398      0x1b8 ./Core/Src/usart.o
                0x0000000008004398                printToBufferUART1D
 .text.Reset_Handler
                0x0000000008004550       0x48 ./Core/Startup/startup_stm32f100rctx.o
                0x0000000008004550                Reset_Handler
 .text.Default_Handler
                0x0000000008004598        0x2 ./Core/Startup/startup_stm32f100rctx.o
                0x0000000008004598                RTC_Alarm_IRQHandler
                0x0000000008004598                EXTI2_IRQHandler
                0x0000000008004598                TIM1_CC_IRQHandler
                0x0000000008004598                PVD_IRQHandler
                0x0000000008004598                EXTI3_IRQHandler
                0x0000000008004598                EXTI0_IRQHandler
                0x0000000008004598                I2C2_EV_IRQHandler
                0x0000000008004598                TIM1_UP_TIM16_IRQHandler
                0x0000000008004598                SPI1_IRQHandler
                0x0000000008004598                TAMPER_IRQHandler
                0x0000000008004598                TIM6_DAC_IRQHandler
                0x0000000008004598                DMA2_Channel2_IRQHandler
                0x0000000008004598                DMA1_Channel4_IRQHandler
                0x0000000008004598                ADC1_IRQHandler
                0x0000000008004598                RTC_IRQHandler
                0x0000000008004598                DMA1_Channel7_IRQHandler
                0x0000000008004598                UART5_IRQHandler
                0x0000000008004598                TIM4_IRQHandler
                0x0000000008004598                DMA2_Channel1_IRQHandler
                0x0000000008004598                I2C1_EV_IRQHandler
                0x0000000008004598                DMA1_Channel6_IRQHandler
                0x0000000008004598                UART4_IRQHandler
                0x0000000008004598                TIM3_IRQHandler
                0x0000000008004598                RCC_IRQHandler
                0x0000000008004598                Default_Handler
                0x0000000008004598                CEC_IRQHandler
                0x0000000008004598                EXTI15_10_IRQHandler
                0x0000000008004598                TIM14_IRQHandler
                0x0000000008004598                TIM13_IRQHandler
                0x0000000008004598                TIM12_IRQHandler
                0x0000000008004598                TIM5_IRQHandler
                0x0000000008004598                EXTI9_5_IRQHandler
                0x0000000008004598                SPI2_IRQHandler
                0x0000000008004598                DMA2_Channel5_IRQHandler
                0x0000000008004598                DMA1_Channel5_IRQHandler
                0x0000000008004598                EXTI4_IRQHandler
                0x0000000008004598                TIM1_TRG_COM_TIM17_IRQHandler
                0x0000000008004598                DMA1_Channel3_IRQHandler
                0x0000000008004598                WWDG_IRQHandler
                0x0000000008004598                TIM2_IRQHandler
                0x0000000008004598                EXTI1_IRQHandler
                0x0000000008004598                DMA2_Channel4_5_IRQHandler
                0x0000000008004598                USART2_IRQHandler
                0x0000000008004598                I2C2_ER_IRQHandler
                0x0000000008004598                DMA1_Channel2_IRQHandler
                0x0000000008004598                FLASH_IRQHandler
                0x0000000008004598                SPI3_IRQHandler
                0x0000000008004598                I2C1_ER_IRQHandler
                0x0000000008004598                DMA2_Channel3_IRQHandler
                0x0000000008004598                TIM1_BRK_TIM15_IRQHandler
 .text.LL_ADC_REG_SetSequencerLength
                0x000000000800459a       0x24 ./Drivers/STM32F1xx_HAL_Driver/Src/stm32f1xx_ll_adc.o
 .text.LL_ADC_IsEnabled
                0x00000000080045be       0x24 ./Drivers/STM32F1xx_HAL_Driver/Src/stm32f1xx_ll_adc.o
 .text.LL_ADC_Init
                0x00000000080045e2       0x4e ./Drivers/STM32F1xx_HAL_Driver/Src/stm32f1xx_ll_adc.o
                0x00000000080045e2                LL_ADC_Init
 .text.LL_ADC_REG_Init
                0x0000000008004630       0x8c ./Drivers/STM32F1xx_HAL_Driver/Src/stm32f1xx_ll_adc.o
                0x0000000008004630                LL_ADC_REG_Init
 .text.LL_GPIO_SetPinMode
                0x00000000080046bc       0x64 ./Drivers/STM32F1xx_HAL_Driver/Src/stm32f1xx_ll_gpio.o
 .text.LL_GPIO_SetPinSpeed
                0x0000000008004720       0x64 ./Drivers/STM32F1xx_HAL_Driver/Src/stm32f1xx_ll_gpio.o
 .text.LL_GPIO_SetPinOutputType
                0x0000000008004784       0x64 ./Drivers/STM32F1xx_HAL_Driver/Src/stm32f1xx_ll_gpio.o
 .text.LL_GPIO_SetPinPull
                0x00000000080047e8       0x44 ./Drivers/STM32F1xx_HAL_Driver/Src/stm32f1xx_ll_gpio.o
 .text.LL_GPIO_Init
                0x000000000800482c       0xcc ./Drivers/STM32F1xx_HAL_Driver/Src/stm32f1xx_ll_gpio.o
                0x000000000800482c                LL_GPIO_Init
 .text.LL_RCC_GetSysClkSource
                0x00000000080048f8       0x18 ./Drivers/STM32F1xx_HAL_Driver/Src/stm32f1xx_ll_rcc.o
 .text.LL_RCC_GetAHBPrescaler
                0x0000000008004910       0x18 ./Drivers/STM32F1xx_HAL_Driver/Src/stm32f1xx_ll_rcc.o
 .text.LL_RCC_GetAPB1Prescaler
                0x0000000008004928       0x18 ./Drivers/STM32F1xx_HAL_Driver/Src/stm32f1xx_ll_rcc.o
 .text.LL_RCC_GetAPB2Prescaler
                0x0000000008004940       0x18 ./Drivers/STM32F1xx_HAL_Driver/Src/stm32f1xx_ll_rcc.o
 .text.LL_RCC_PLL_GetMainSource
                0x0000000008004958       0x18 ./Drivers/STM32F1xx_HAL_Driver/Src/stm32f1xx_ll_rcc.o
 .text.LL_RCC_PLL_GetMultiplicator
                0x0000000008004970       0x18 ./Drivers/STM32F1xx_HAL_Driver/Src/stm32f1xx_ll_rcc.o
 .text.LL_RCC_PLL_GetPrediv
                0x0000000008004988       0x18 ./Drivers/STM32F1xx_HAL_Driver/Src/stm32f1xx_ll_rcc.o
 .text.LL_RCC_GetSystemClocksFreq
                0x00000000080049a0       0x4a ./Drivers/STM32F1xx_HAL_Driver/Src/stm32f1xx_ll_rcc.o
                0x00000000080049a0                LL_RCC_GetSystemClocksFreq
 *fill*         0x00000000080049ea        0x2 
 .text.RCC_GetSystemClockFreq
                0x00000000080049ec       0x4c ./Drivers/STM32F1xx_HAL_Driver/Src/stm32f1xx_ll_rcc.o
                0x00000000080049ec                RCC_GetSystemClockFreq
 .text.RCC_GetHCLKClockFreq
                0x0000000008004a38       0x2c ./Drivers/STM32F1xx_HAL_Driver/Src/stm32f1xx_ll_rcc.o
                0x0000000008004a38                RCC_GetHCLKClockFreq
 .text.RCC_GetPCLK1ClockFreq
                0x0000000008004a64       0x28 ./Drivers/STM32F1xx_HAL_Driver/Src/stm32f1xx_ll_rcc.o
                0x0000000008004a64                RCC_GetPCLK1ClockFreq
 .text.RCC_GetPCLK2ClockFreq
                0x0000000008004a8c       0x28 ./Drivers/STM32F1xx_HAL_Driver/Src/stm32f1xx_ll_rcc.o
                0x0000000008004a8c                RCC_GetPCLK2ClockFreq
 .text.RCC_PLL_GetFreqDomain_SYS
                0x0000000008004ab4       0x64 ./Drivers/STM32F1xx_HAL_Driver/Src/stm32f1xx_ll_rcc.o
                0x0000000008004ab4                RCC_PLL_GetFreqDomain_SYS
 .text.LL_TIM_SetPrescaler
                0x0000000008004b18       0x1a ./Drivers/STM32F1xx_HAL_Driver/Src/stm32f1xx_ll_tim.o
 .text.LL_TIM_SetAutoReload
                0x0000000008004b32       0x1a ./Drivers/STM32F1xx_HAL_Driver/Src/stm32f1xx_ll_tim.o
 .text.LL_TIM_SetRepetitionCounter
                0x0000000008004b4c       0x1a ./Drivers/STM32F1xx_HAL_Driver/Src/stm32f1xx_ll_tim.o
 .text.LL_TIM_GenerateEvent_UPDATE
                0x0000000008004b66       0x1e ./Drivers/STM32F1xx_HAL_Driver/Src/stm32f1xx_ll_tim.o
 .text.LL_TIM_Init
                0x0000000008004b84      0x130 ./Drivers/STM32F1xx_HAL_Driver/Src/stm32f1xx_ll_tim.o
                0x0000000008004b84                LL_TIM_Init
 .text.LL_USART_IsEnabled
                0x0000000008004cb4       0x26 ./Drivers/STM32F1xx_HAL_Driver/Src/stm32f1xx_ll_usart.o
 .text.LL_USART_SetStopBitsLength
                0x0000000008004cda       0x24 ./Drivers/STM32F1xx_HAL_Driver/Src/stm32f1xx_ll_usart.o
 .text.LL_USART_SetHWFlowCtrl
                0x0000000008004cfe       0x24 ./Drivers/STM32F1xx_HAL_Driver/Src/stm32f1xx_ll_usart.o
 *fill*         0x0000000008004d22        0x2 
 .text.LL_USART_SetBaudRate
                0x0000000008004d24      0x16c ./Drivers/STM32F1xx_HAL_Driver/Src/stm32f1xx_ll_usart.o
 .text.LL_USART_Init
                0x0000000008004e90       0xec ./Drivers/STM32F1xx_HAL_Driver/Src/stm32f1xx_ll_usart.o
                0x0000000008004e90                LL_USART_Init
 .text.LL_InitTick
                0x0000000008004f7c       0x34 ./Drivers/STM32F1xx_HAL_Driver/Src/stm32f1xx_ll_utils.o
 .text.LL_Init1msTick
                0x0000000008004fb0       0x1a ./Drivers/STM32F1xx_HAL_Driver/Src/stm32f1xx_ll_utils.o
                0x0000000008004fb0                LL_Init1msTick
 *fill*         0x0000000008004fca        0x2 
 .text.LL_SetSystemCoreClock
                0x0000000008004fcc       0x1c ./Drivers/STM32F1xx_HAL_Driver/Src/stm32f1xx_ll_utils.o
                0x0000000008004fcc                LL_SetSystemCoreClock
 .text.__libc_init_array
                0x0000000008004fe8       0x48 c:/st/stm32cubeide_1.9.0/stm32cubeide/plugins/com.st.stm32cube.ide.mcu.externaltools.gnu-tools-for-stm32.10.3-2021.10.win32_1.0.0.202111181127/tools/bin/../lib/gcc/arm-none-eabi/10.3.1/../../../../arm-none-eabi/lib/thumb/v7-m/nofp\libc_nano.a(lib_a-init.o)
                0x0000000008004fe8                __libc_init_array
 .text.memcpy   0x0000000008005030       0x1c c:/st/stm32cubeide_1.9.0/stm32cubeide/plugins/com.st.stm32cube.ide.mcu.externaltools.gnu-tools-for-stm32.10.3-2021.10.win32_1.0.0.202111181127/tools/bin/../lib/gcc/arm-none-eabi/10.3.1/../../../../arm-none-eabi/lib/thumb/v7-m/nofp\libc_nano.a(lib_a-memcpy-stub.o)
                0x0000000008005030                memcpy
 *(.glue_7)
 .glue_7        0x000000000800504c        0x0 linker stubs
 *(.glue_7t)
 .glue_7t       0x000000000800504c        0x0 linker stubs
 *(.eh_frame)
 .eh_frame      0x000000000800504c        0x0 c:/st/stm32cubeide_1.9.0/stm32cubeide/plugins/com.st.stm32cube.ide.mcu.externaltools.gnu-tools-for-stm32.10.3-2021.10.win32_1.0.0.202111181127/tools/bin/../lib/gcc/arm-none-eabi/10.3.1/thumb/v7-m/nofp/crtbegin.o
 *(.init)
 .init          0x000000000800504c        0x4 c:/st/stm32cubeide_1.9.0/stm32cubeide/plugins/com.st.stm32cube.ide.mcu.externaltools.gnu-tools-for-stm32.10.3-2021.10.win32_1.0.0.202111181127/tools/bin/../lib/gcc/arm-none-eabi/10.3.1/thumb/v7-m/nofp/crti.o
                0x000000000800504c                _init
 .init          0x0000000008005050        0x8 c:/st/stm32cubeide_1.9.0/stm32cubeide/plugins/com.st.stm32cube.ide.mcu.externaltools.gnu-tools-for-stm32.10.3-2021.10.win32_1.0.0.202111181127/tools/bin/../lib/gcc/arm-none-eabi/10.3.1/thumb/v7-m/nofp/crtn.o
 *(.fini)
 .fini          0x0000000008005058        0x4 c:/st/stm32cubeide_1.9.0/stm32cubeide/plugins/com.st.stm32cube.ide.mcu.externaltools.gnu-tools-for-stm32.10.3-2021.10.win32_1.0.0.202111181127/tools/bin/../lib/gcc/arm-none-eabi/10.3.1/thumb/v7-m/nofp/crti.o
                0x0000000008005058                _fini
 .fini          0x000000000800505c        0x8 c:/st/stm32cubeide_1.9.0/stm32cubeide/plugins/com.st.stm32cube.ide.mcu.externaltools.gnu-tools-for-stm32.10.3-2021.10.win32_1.0.0.202111181127/tools/bin/../lib/gcc/arm-none-eabi/10.3.1/thumb/v7-m/nofp/crtn.o
                0x0000000008005064                . = ALIGN (0x4)
                0x0000000008005064                _etext = .

.vfp11_veneer   0x0000000008005064        0x0
 .vfp11_veneer  0x0000000008005064        0x0 linker stubs

.v4_bx          0x0000000008005064        0x0
 .v4_bx         0x0000000008005064        0x0 linker stubs

.iplt           0x0000000008005064        0x0
 .iplt          0x0000000008005064        0x0 c:/st/stm32cubeide_1.9.0/stm32cubeide/plugins/com.st.stm32cube.ide.mcu.externaltools.gnu-tools-for-stm32.10.3-2021.10.win32_1.0.0.202111181127/tools/bin/../lib/gcc/arm-none-eabi/10.3.1/thumb/v7-m/nofp/crtbegin.o

.rodata         0x0000000008005064      0xaec
                0x0000000008005064                . = ALIGN (0x4)
 *(.rodata)
 .rodata        0x0000000008005064      0x58c ./Core/Src/Eeprom.o
 .rodata        0x00000000080055f0      0x388 ./Core/Src/General.o
 .rodata        0x0000000008005978      0x1b5 ./Core/Src/main.o
 *(.rodata*)
 *fill*         0x0000000008005b2d        0x3 
 .rodata.CHANNEL_OFFSET_TAB
                0x0000000008005b30        0x7 ./Core/Src/main.o
 *fill*         0x0000000008005b37        0x1 
 .rodata.AHBPrescTable
                0x0000000008005b38       0x10 ./Core/Src/system_stm32f1xx.o
                0x0000000008005b38                AHBPrescTable
 .rodata.APBPrescTable
                0x0000000008005b48        0x8 ./Core/Src/system_stm32f1xx.o
                0x0000000008005b48                APBPrescTable
                0x0000000008005b50                . = ALIGN (0x4)

.rel.dyn        0x0000000008005b50        0x0
 .rel.iplt      0x0000000008005b50        0x0 c:/st/stm32cubeide_1.9.0/stm32cubeide/plugins/com.st.stm32cube.ide.mcu.externaltools.gnu-tools-for-stm32.10.3-2021.10.win32_1.0.0.202111181127/tools/bin/../lib/gcc/arm-none-eabi/10.3.1/thumb/v7-m/nofp/crtbegin.o

.ARM.extab      0x0000000008005b50        0x0
                0x0000000008005b50                . = ALIGN (0x4)
 *(.ARM.extab* .gnu.linkonce.armextab.*)
                0x0000000008005b50                . = ALIGN (0x4)

.ARM            0x0000000008005b50        0x0
                0x0000000008005b50                . = ALIGN (0x4)
                0x0000000008005b50                __exidx_start = .
 *(.ARM.exidx*)
                0x0000000008005b50                __exidx_end = .
                0x0000000008005b50                . = ALIGN (0x4)

.preinit_array  0x0000000008005b50        0x0
                0x0000000008005b50                . = ALIGN (0x4)
                0x0000000008005b50                PROVIDE (__preinit_array_start = .)
 *(.preinit_array*)
                0x0000000008005b50                PROVIDE (__preinit_array_end = .)
                0x0000000008005b50                . = ALIGN (0x4)

.init_array     0x0000000008005b50        0x4
                0x0000000008005b50                . = ALIGN (0x4)
                0x0000000008005b50                PROVIDE (__init_array_start = .)
 *(SORT_BY_NAME(.init_array.*))
 *(.init_array*)
 .init_array    0x0000000008005b50        0x4 c:/st/stm32cubeide_1.9.0/stm32cubeide/plugins/com.st.stm32cube.ide.mcu.externaltools.gnu-tools-for-stm32.10.3-2021.10.win32_1.0.0.202111181127/tools/bin/../lib/gcc/arm-none-eabi/10.3.1/thumb/v7-m/nofp/crtbegin.o
                0x0000000008005b54                PROVIDE (__init_array_end = .)
                0x0000000008005b54                . = ALIGN (0x4)

.fini_array     0x0000000008005b54        0x4
                0x0000000008005b54                . = ALIGN (0x4)
                [!provide]                        PROVIDE (__fini_array_start = .)
 *(SORT_BY_NAME(.fini_array.*))
 *(.fini_array*)
 .fini_array    0x0000000008005b54        0x4 c:/st/stm32cubeide_1.9.0/stm32cubeide/plugins/com.st.stm32cube.ide.mcu.externaltools.gnu-tools-for-stm32.10.3-2021.10.win32_1.0.0.202111181127/tools/bin/../lib/gcc/arm-none-eabi/10.3.1/thumb/v7-m/nofp/crtbegin.o
                [!provide]                        PROVIDE (__fini_array_end = .)
                0x0000000008005b58                . = ALIGN (0x4)
                0x0000000008005b58                _sidata = LOADADDR (.data)

.data           0x0000000020000000       0xd0 load address 0x0000000008005b58
                0x0000000020000000                . = ALIGN (0x4)
                0x0000000020000000                _sdata = .
 *(.data)
 *(.data*)
 .data.EEpromReadStatus
                0x0000000020000000        0x1 ./Core/Src/Eeprom.o
 *fill*         0x0000000020000001        0x3 
 .data.CalibrationData
                0x0000000020000004       0x50 ./Core/Src/General.o
                0x0000000020000004                CalibrationData
 .data.SettingsData
                0x0000000020000054       0x48 ./Core/Src/General.o
                0x0000000020000054                SettingsData
 .data.SaveDataWhenPowerOff
                0x000000002000009c       0x20 ./Core/Src/General.o
                0x000000002000009c                SaveDataWhenPowerOff
 .data.Version  0x00000000200000bc       0x10 ./Core/Src/main.o
                0x00000000200000bc                Version
 .data.SystemCoreClock
                0x00000000200000cc        0x4 ./Core/Src/system_stm32f1xx.o
                0x00000000200000cc                SystemCoreClock
 *(.RamFunc)
 *(.RamFunc*)
                0x00000000200000d0                . = ALIGN (0x4)
                0x00000000200000d0                _edata = .

.igot.plt       0x00000000200000d0        0x0 load address 0x0000000008005c28
 .igot.plt      0x00000000200000d0        0x0 c:/st/stm32cubeide_1.9.0/stm32cubeide/plugins/com.st.stm32cube.ide.mcu.externaltools.gnu-tools-for-stm32.10.3-2021.10.win32_1.0.0.202111181127/tools/bin/../lib/gcc/arm-none-eabi/10.3.1/thumb/v7-m/nofp/crtbegin.o
                0x00000000200000d0                . = ALIGN (0x4)

.bss            0x00000000200000d0      0xd84 load address 0x0000000008005c28
                0x00000000200000d0                _sbss = .
                0x00000000200000d0                __bss_start__ = _sbss
 *(.bss)
 .bss           0x00000000200000d0       0x1c c:/st/stm32cubeide_1.9.0/stm32cubeide/plugins/com.st.stm32cube.ide.mcu.externaltools.gnu-tools-for-stm32.10.3-2021.10.win32_1.0.0.202111181127/tools/bin/../lib/gcc/arm-none-eabi/10.3.1/thumb/v7-m/nofp/crtbegin.o
 *(.bss*)
 .bss.Count100mSecond
                0x00000000200000ec        0x2 ./Core/Src/General.o
                0x00000000200000ec                Count100mSecond
 .bss.Count10mSecond
                0x00000000200000ee        0x2 ./Core/Src/General.o
                0x00000000200000ee                Count10mSecond
 .bss.Count5mSecond
                0x00000000200000f0        0x2 ./Core/Src/General.o
                0x00000000200000f0                Count5mSecond
 .bss.Count1000mSecond
                0x00000000200000f2        0x2 ./Core/Src/General.o
                0x00000000200000f2                Count1000mSecond
 .bss.vard2     0x00000000200000f4        0x4 ./Core/Src/General.o
                0x00000000200000f4                vard2
 .bss.bufferUart1
                0x00000000200000f8      0x45c ./Core/Src/General.o
                0x00000000200000f8                bufferUart1
 .bss.bufferUart2
                0x0000000020000554      0x45c ./Core/Src/General.o
                0x0000000020000554                bufferUart2
 .bss.OverChargeStatus
                0x00000000200009b0        0x1 ./Core/Src/General.o
                0x00000000200009b0                OverChargeStatus
 .bss.OverDisChargeStatus
                0x00000000200009b1        0x1 ./Core/Src/General.o
                0x00000000200009b1                OverDisChargeStatus
 .bss.CurrentShortStatus
                0x00000000200009b2        0x1 ./Core/Src/General.o
                0x00000000200009b2                CurrentShortStatus
 *fill*         0x00000000200009b3        0x1 
 .bss.EEpromSaveStatus
                0x00000000200009b4        0x2 ./Core/Src/General.o
                0x00000000200009b4                EEpromSaveStatus
 *fill*         0x00000000200009b6        0x2 
 .bss.ParsingData
                0x00000000200009b8        0x8 ./Core/Src/General.o
                0x00000000200009b8                ParsingData
 .bss.s1.18     0x00000000200009c0       0x10 ./Core/Src/Lib.o
 .bss.s1.17     0x00000000200009d0       0x11 ./Core/Src/Lib.o
 *fill*         0x00000000200009e1        0x3 
 .bss.filteredlValueI1.9
                0x00000000200009e4        0x4 ./Core/Src/Lib.o
 .bss.filteredlValueI2.8
                0x00000000200009e8        0x4 ./Core/Src/Lib.o
 .bss.filteredlValueU1.7
                0x00000000200009ec        0x4 ./Core/Src/Lib.o
 .bss.filteredlValueU2.6
                0x00000000200009f0        0x4 ./Core/Src/Lib.o
 .bss.filteredlValueU3.5
                0x00000000200009f4        0x4 ./Core/Src/Lib.o
 .bss.filteredlValueU4.4
                0x00000000200009f8        0x4 ./Core/Src/Lib.o
 .bss.filteredlValueU5.3
                0x00000000200009fc        0x4 ./Core/Src/Lib.o
 .bss.filteredlValueU6.2
                0x0000000020000a00        0x4 ./Core/Src/Lib.o
 .bss.filteredlValueU7.1
                0x0000000020000a04        0x4 ./Core/Src/Lib.o
 .bss.filteredlValueU8.0
                0x0000000020000a08        0x4 ./Core/Src/Lib.o
 .bss.time_sec  0x0000000020000a0c        0x4 ./Core/Src/main.o
                0x0000000020000a0c                time_sec
 .bss.Timer_Sec
                0x0000000020000a10        0x4 ./Core/Src/main.o
                0x0000000020000a10                Timer_Sec
 .bss.TimerForReadyMeasurement_ms
                0x0000000020000a14        0x4 ./Core/Src/main.o
                0x0000000020000a14                TimerForReadyMeasurement_ms
 .bss.Status_Timer_Sec
                0x0000000020000a18        0x1 ./Core/Src/main.o
                0x0000000020000a18                Status_Timer_Sec
 *fill*         0x0000000020000a19        0x3 
 .bss.ChargeTimeSec
                0x0000000020000a1c        0x4 ./Core/Src/main.o
                0x0000000020000a1c                ChargeTimeSec
 .bss.DischargeTimeSec
                0x0000000020000a20        0x4 ./Core/Src/main.o
                0x0000000020000a20                DischargeTimeSec
 .bss.PowerOffTimesec
                0x0000000020000a24        0x4 ./Core/Src/main.o
                0x0000000020000a24                PowerOffTimesec
 .bss.BatteryCapacityDischargeCurrent
                0x0000000020000a28        0x4 ./Core/Src/main.o
                0x0000000020000a28                BatteryCapacityDischargeCurrent
 .bss.BatteryCapacityDischargeCurrentAfterPOwerUp
                0x0000000020000a2c        0x4 ./Core/Src/main.o
                0x0000000020000a2c                BatteryCapacityDischargeCurrentAfterPOwerUp
 .bss.BatteryCapacityCharge
                0x0000000020000a30        0x4 ./Core/Src/main.o
                0x0000000020000a30                BatteryCapacityCharge
 .bss.SumI1     0x0000000020000a34        0x4 ./Core/Src/main.o
                0x0000000020000a34                SumI1
 .bss.SumI2     0x0000000020000a38        0x4 ./Core/Src/main.o
                0x0000000020000a38                SumI2
 .bss.SumU1     0x0000000020000a3c        0x4 ./Core/Src/main.o
                0x0000000020000a3c                SumU1
 .bss.SumU2     0x0000000020000a40        0x4 ./Core/Src/main.o
                0x0000000020000a40                SumU2
 .bss.SumU3     0x0000000020000a44        0x4 ./Core/Src/main.o
                0x0000000020000a44                SumU3
 .bss.SumU4     0x0000000020000a48        0x4 ./Core/Src/main.o
                0x0000000020000a48                SumU4
 .bss.SumU5     0x0000000020000a4c        0x4 ./Core/Src/main.o
                0x0000000020000a4c                SumU5
 .bss.SumU6     0x0000000020000a50        0x4 ./Core/Src/main.o
                0x0000000020000a50                SumU6
 .bss.SumU7     0x0000000020000a54        0x4 ./Core/Src/main.o
                0x0000000020000a54                SumU7
 .bss.SumU8     0x0000000020000a58        0x4 ./Core/Src/main.o
                0x0000000020000a58                SumU8
 .bss.SumI1Counter
                0x0000000020000a5c        0x2 ./Core/Src/main.o
                0x0000000020000a5c                SumI1Counter
 .bss.SumI2Counter
                0x0000000020000a5e        0x2 ./Core/Src/main.o
                0x0000000020000a5e                SumI2Counter
 .bss.SumU1Counter
                0x0000000020000a60        0x2 ./Core/Src/main.o
                0x0000000020000a60                SumU1Counter
 .bss.SumU2Counter
                0x0000000020000a62        0x2 ./Core/Src/main.o
                0x0000000020000a62                SumU2Counter
 .bss.SumU3Counter
                0x0000000020000a64        0x2 ./Core/Src/main.o
                0x0000000020000a64                SumU3Counter
 .bss.SumU4Counter
                0x0000000020000a66        0x2 ./Core/Src/main.o
                0x0000000020000a66                SumU4Counter
 .bss.SumU5Counter
                0x0000000020000a68        0x2 ./Core/Src/main.o
                0x0000000020000a68                SumU5Counter
 .bss.SumU6Counter
                0x0000000020000a6a        0x2 ./Core/Src/main.o
                0x0000000020000a6a                SumU6Counter
 .bss.SumU7Counter
                0x0000000020000a6c        0x2 ./Core/Src/main.o
                0x0000000020000a6c                SumU7Counter
 .bss.SumU8Counter
                0x0000000020000a6e        0x2 ./Core/Src/main.o
                0x0000000020000a6e                SumU8Counter
 .bss.On_off    0x0000000020000a70        0x1 ./Core/Src/main.o
                0x0000000020000a70                On_off
 .bss.ChargeStatusForTimer
                0x0000000020000a71        0x1 ./Core/Src/main.o
                0x0000000020000a71                ChargeStatusForTimer
 .bss.DisChargeStatusForTimer
                0x0000000020000a72        0x1 ./Core/Src/main.o
                0x0000000020000a72                DisChargeStatusForTimer
 .bss.pressedKey
                0x0000000020000a73        0x1 ./Core/Src/main.o
                0x0000000020000a73                pressedKey
 .bss.FlashVoltage
                0x0000000020000a74        0x4 ./Core/Src/main.o
                0x0000000020000a74                FlashVoltage
 .bss.comp      0x0000000020000a78        0x2 ./Core/Src/main.o
                0x0000000020000a78                comp
 *(COMMON)
 *fill*         0x0000000020000a7a        0x2 
 COMMON         0x0000000020000a7c      0x310 ./Core/Src/Eeprom.o
                0x0000000020000a7c                Temp_R_A_B
                0x0000000020000adc                Current
                0x0000000020000ae0                CellsDatabase
                0x0000000020000bc0                Battery
                0x0000000020000bcc                RegularConvData
                0x0000000020000bec                U_Controller
                0x0000000020000bf0                LoggingData
 COMMON         0x0000000020000d8c       0xc6 ./Core/Src/main.o
                0x0000000020000d8c                RequestFromClientToSrv
                0x0000000020000db0                Master
                0x0000000020000dd4                SelectedOptionValue1
                0x0000000020000dd8                Voltage10Percent
                0x0000000020000ddc                Slave
                0x0000000020000e00                AnswerFromSrvToClient
                0x0000000020000e44                ChargeDurationSec
                0x0000000020000e48                step
                0x0000000020000e4c                SelectedOptionValue
                0x0000000020000e50                Voltage95Percent
                0x0000000020000e54                . = ALIGN (0x4)
 *fill*         0x0000000020000e52        0x2 
                0x0000000020000e54                _ebss = .
                0x0000000020000e54                __bss_end__ = _ebss

._user_heap_stack
                0x0000000020000e54      0x604 load address 0x0000000008005c28
                0x0000000020000e58                . = ALIGN (0x8)
 *fill*         0x0000000020000e54        0x4 
                [!provide]                        PROVIDE (end = .)
                0x0000000020000e58                PROVIDE (_end = .)
                0x0000000020001058                . = (. + _Min_Heap_Size)
 *fill*         0x0000000020000e58      0x200 
                0x0000000020001458                . = (. + _Min_Stack_Size)
 *fill*         0x0000000020001058      0x400 
                0x0000000020001458                . = ALIGN (0x8)

/DISCARD/
 libc.a(*)
 libm.a(*)
 libgcc.a(*)

.ARM.attributes
                0x0000000000000000       0x29
 *(.ARM.attributes)
 .ARM.attributes
                0x0000000000000000       0x1d c:/st/stm32cubeide_1.9.0/stm32cubeide/plugins/com.st.stm32cube.ide.mcu.externaltools.gnu-tools-for-stm32.10.3-2021.10.win32_1.0.0.202111181127/tools/bin/../lib/gcc/arm-none-eabi/10.3.1/thumb/v7-m/nofp/crti.o
 .ARM.attributes
                0x000000000000001d       0x2d c:/st/stm32cubeide_1.9.0/stm32cubeide/plugins/com.st.stm32cube.ide.mcu.externaltools.gnu-tools-for-stm32.10.3-2021.10.win32_1.0.0.202111181127/tools/bin/../lib/gcc/arm-none-eabi/10.3.1/thumb/v7-m/nofp/crtbegin.o
 .ARM.attributes
                0x000000000000004a       0x2d ./Core/Src/Eeprom.o
 .ARM.attributes
                0x0000000000000077       0x2d ./Core/Src/General.o
 .ARM.attributes
                0x00000000000000a4       0x2d ./Core/Src/Lib.o
 .ARM.attributes
                0x00000000000000d1       0x2d ./Core/Src/main.o
 .ARM.attributes
                0x00000000000000fe       0x2d ./Core/Src/stm32f1xx_it.o
 .ARM.attributes
                0x000000000000012b       0x2d ./Core/Src/system_stm32f1xx.o
 .ARM.attributes
                0x0000000000000158       0x2d ./Core/Src/usart.o
 .ARM.attributes
                0x0000000000000185       0x21 ./Core/Startup/startup_stm32f100rctx.o
 .ARM.attributes
                0x00000000000001a6       0x2d ./Drivers/STM32F1xx_HAL_Driver/Src/stm32f1xx_ll_adc.o
 .ARM.attributes
                0x00000000000001d3       0x2d ./Drivers/STM32F1xx_HAL_Driver/Src/stm32f1xx_ll_gpio.o
 .ARM.attributes
                0x0000000000000200       0x2d ./Drivers/STM32F1xx_HAL_Driver/Src/stm32f1xx_ll_rcc.o
 .ARM.attributes
                0x000000000000022d       0x2d ./Drivers/STM32F1xx_HAL_Driver/Src/stm32f1xx_ll_tim.o
 .ARM.attributes
                0x000000000000025a       0x2d ./Drivers/STM32F1xx_HAL_Driver/Src/stm32f1xx_ll_usart.o
 .ARM.attributes
                0x0000000000000287       0x2d ./Drivers/STM32F1xx_HAL_Driver/Src/stm32f1xx_ll_utils.o
 .ARM.attributes
                0x00000000000002b4       0x2d c:/st/stm32cubeide_1.9.0/stm32cubeide/plugins/com.st.stm32cube.ide.mcu.externaltools.gnu-tools-for-stm32.10.3-2021.10.win32_1.0.0.202111181127/tools/bin/../lib/gcc/arm-none-eabi/10.3.1/../../../../arm-none-eabi/lib/thumb/v7-m/nofp\libc_nano.a(lib_a-init.o)
 .ARM.attributes
                0x00000000000002e1       0x2d c:/st/stm32cubeide_1.9.0/stm32cubeide/plugins/com.st.stm32cube.ide.mcu.externaltools.gnu-tools-for-stm32.10.3-2021.10.win32_1.0.0.202111181127/tools/bin/../lib/gcc/arm-none-eabi/10.3.1/../../../../arm-none-eabi/lib/thumb/v7-m/nofp\libc_nano.a(lib_a-memcpy-stub.o)
 .ARM.attributes
                0x000000000000030e       0x1d c:/st/stm32cubeide_1.9.0/stm32cubeide/plugins/com.st.stm32cube.ide.mcu.externaltools.gnu-tools-for-stm32.10.3-2021.10.win32_1.0.0.202111181127/tools/bin/../lib/gcc/arm-none-eabi/10.3.1/thumb/v7-m/nofp/crtn.o
OUTPUT(SBMS_8c_Master.elf elf32-littlearm)
LOAD linker stubs
LOAD c:/st/stm32cubeide_1.9.0/stm32cubeide/plugins/com.st.stm32cube.ide.mcu.externaltools.gnu-tools-for-stm32.10.3-2021.10.win32_1.0.0.202111181127/tools/bin/../lib/gcc/arm-none-eabi/10.3.1/../../../../arm-none-eabi/lib/thumb/v7-m/nofp\libc.a
LOAD c:/st/stm32cubeide_1.9.0/stm32cubeide/plugins/com.st.stm32cube.ide.mcu.externaltools.gnu-tools-for-stm32.10.3-2021.10.win32_1.0.0.202111181127/tools/bin/../lib/gcc/arm-none-eabi/10.3.1/../../../../arm-none-eabi/lib/thumb/v7-m/nofp\libm.a
LOAD c:/st/stm32cubeide_1.9.0/stm32cubeide/plugins/com.st.stm32cube.ide.mcu.externaltools.gnu-tools-for-stm32.10.3-2021.10.win32_1.0.0.202111181127/tools/bin/../lib/gcc/arm-none-eabi/10.3.1/thumb/v7-m/nofp\libgcc.a

.debug_info     0x0000000000000000     0xa158
 .debug_info    0x0000000000000000      0xf58 ./Core/Src/Eeprom.o
 .debug_info    0x0000000000000f58      0xc81 ./Core/Src/General.o
 .debug_info    0x0000000000001bd9      0xbf5 ./Core/Src/Lib.o
 .debug_info    0x00000000000027ce     0x2d15 ./Core/Src/main.o
 .debug_info    0x00000000000054e3      0xce2 ./Core/Src/stm32f1xx_it.o
 .debug_info    0x00000000000061c5      0x246 ./Core/Src/system_stm32f1xx.o
 .debug_info    0x000000000000640b      0xe74 ./Core/Src/usart.o
 .debug_info    0x000000000000727f       0x22 ./Core/Startup/startup_stm32f100rctx.o
 .debug_info    0x00000000000072a1      0x7d2 ./Drivers/STM32F1xx_HAL_Driver/Src/stm32f1xx_ll_adc.o
 .debug_info    0x0000000000007a73      0x614 ./Drivers/STM32F1xx_HAL_Driver/Src/stm32f1xx_ll_gpio.o
 .debug_info    0x0000000000008087      0x552 ./Drivers/STM32F1xx_HAL_Driver/Src/stm32f1xx_ll_rcc.o
 .debug_info    0x00000000000085d9      0xe7b ./Drivers/STM32F1xx_HAL_Driver/Src/stm32f1xx_ll_tim.o
 .debug_info    0x0000000000009454      0x626 ./Drivers/STM32F1xx_HAL_Driver/Src/stm32f1xx_ll_usart.o
 .debug_info    0x0000000000009a7a      0x6de ./Drivers/STM32F1xx_HAL_Driver/Src/stm32f1xx_ll_utils.o

.debug_abbrev   0x0000000000000000     0x1dd1
 .debug_abbrev  0x0000000000000000      0x2d6 ./Core/Src/Eeprom.o
 .debug_abbrev  0x00000000000002d6      0x2f6 ./Core/Src/General.o
 .debug_abbrev  0x00000000000005cc      0x162 ./Core/Src/Lib.o
 .debug_abbrev  0x000000000000072e      0x53c ./Core/Src/main.o
 .debug_abbrev  0x0000000000000c6a      0x201 ./Core/Src/stm32f1xx_it.o
 .debug_abbrev  0x0000000000000e6b      0x116 ./Core/Src/system_stm32f1xx.o
 .debug_abbrev  0x0000000000000f81      0x275 ./Core/Src/usart.o
 .debug_abbrev  0x00000000000011f6       0x12 ./Core/Startup/startup_stm32f100rctx.o
 .debug_abbrev  0x0000000000001208      0x195 ./Drivers/STM32F1xx_HAL_Driver/Src/stm32f1xx_ll_adc.o
 .debug_abbrev  0x000000000000139d      0x1fa ./Drivers/STM32F1xx_HAL_Driver/Src/stm32f1xx_ll_gpio.o
 .debug_abbrev  0x0000000000001597      0x239 ./Drivers/STM32F1xx_HAL_Driver/Src/stm32f1xx_ll_rcc.o
 .debug_abbrev  0x00000000000017d0      0x205 ./Drivers/STM32F1xx_HAL_Driver/Src/stm32f1xx_ll_tim.o
 .debug_abbrev  0x00000000000019d5      0x1b4 ./Drivers/STM32F1xx_HAL_Driver/Src/stm32f1xx_ll_usart.o
 .debug_abbrev  0x0000000000001b89      0x248 ./Drivers/STM32F1xx_HAL_Driver/Src/stm32f1xx_ll_utils.o

.debug_aranges  0x0000000000000000      0xaf0
 .debug_aranges
                0x0000000000000000       0xe8 ./Core/Src/Eeprom.o
 .debug_aranges
                0x00000000000000e8       0x60 ./Core/Src/General.o
 .debug_aranges
                0x0000000000000148      0x100 ./Core/Src/Lib.o
 .debug_aranges
                0x0000000000000248      0x290 ./Core/Src/main.o
 .debug_aranges
                0x00000000000004d8       0x98 ./Core/Src/stm32f1xx_it.o
 .debug_aranges
                0x0000000000000570       0x28 ./Core/Src/system_stm32f1xx.o
 .debug_aranges
                0x0000000000000598       0xd8 ./Core/Src/usart.o
 .debug_aranges
                0x0000000000000670       0x28 ./Core/Startup/startup_stm32f100rctx.o
 .debug_aranges
                0x0000000000000698       0xa8 ./Drivers/STM32F1xx_HAL_Driver/Src/stm32f1xx_ll_adc.o
 .debug_aranges
                0x0000000000000740       0x60 ./Drivers/STM32F1xx_HAL_Driver/Src/stm32f1xx_ll_gpio.o
 .debug_aranges
                0x00000000000007a0       0xc8 ./Drivers/STM32F1xx_HAL_Driver/Src/stm32f1xx_ll_rcc.o
 .debug_aranges
                0x0000000000000868      0x128 ./Drivers/STM32F1xx_HAL_Driver/Src/stm32f1xx_ll_tim.o
 .debug_aranges
                0x0000000000000990       0x88 ./Drivers/STM32F1xx_HAL_Driver/Src/stm32f1xx_ll_usart.o
 .debug_aranges
                0x0000000000000a18       0xd8 ./Drivers/STM32F1xx_HAL_Driver/Src/stm32f1xx_ll_utils.o

.debug_ranges   0x0000000000000000      0xa18
 .debug_ranges  0x0000000000000000       0xd8 ./Core/Src/Eeprom.o
 .debug_ranges  0x00000000000000d8       0x50 ./Core/Src/General.o
 .debug_ranges  0x0000000000000128       0xf0 ./Core/Src/Lib.o
 .debug_ranges  0x0000000000000218      0x280 ./Core/Src/main.o
 .debug_ranges  0x0000000000000498       0x88 ./Core/Src/stm32f1xx_it.o
 .debug_ranges  0x0000000000000520       0x18 ./Core/Src/system_stm32f1xx.o
 .debug_ranges  0x0000000000000538       0xc8 ./Core/Src/usart.o
 .debug_ranges  0x0000000000000600       0x20 ./Core/Startup/startup_stm32f100rctx.o
 .debug_ranges  0x0000000000000620       0x98 ./Drivers/STM32F1xx_HAL_Driver/Src/stm32f1xx_ll_adc.o
 .debug_ranges  0x00000000000006b8       0x50 ./Drivers/STM32F1xx_HAL_Driver/Src/stm32f1xx_ll_gpio.o
 .debug_ranges  0x0000000000000708       0xb8 ./Drivers/STM32F1xx_HAL_Driver/Src/stm32f1xx_ll_rcc.o
 .debug_ranges  0x00000000000007c0      0x118 ./Drivers/STM32F1xx_HAL_Driver/Src/stm32f1xx_ll_tim.o
 .debug_ranges  0x00000000000008d8       0x78 ./Drivers/STM32F1xx_HAL_Driver/Src/stm32f1xx_ll_usart.o
 .debug_ranges  0x0000000000000950       0xc8 ./Drivers/STM32F1xx_HAL_Driver/Src/stm32f1xx_ll_utils.o

.debug_macro    0x0000000000000000     0xd64a
 .debug_macro   0x0000000000000000      0x165 ./Core/Src/Eeprom.o
 .debug_macro   0x0000000000000165      0xa96 ./Core/Src/Eeprom.o
 .debug_macro   0x0000000000000bfb       0x2e ./Core/Src/Eeprom.o
 .debug_macro   0x0000000000000c29       0x22 ./Core/Src/Eeprom.o
 .debug_macro   0x0000000000000c4b       0x22 ./Core/Src/Eeprom.o
 .debug_macro   0x0000000000000c6d       0x8e ./Core/Src/Eeprom.o
 .debug_macro   0x0000000000000cfb       0x51 ./Core/Src/Eeprom.o
 .debug_macro   0x0000000000000d4c      0x103 ./Core/Src/Eeprom.o
 .debug_macro   0x0000000000000e4f       0x6a ./Core/Src/Eeprom.o
 .debug_macro   0x0000000000000eb9      0x1df ./Core/Src/Eeprom.o
 .debug_macro   0x0000000000001098       0x1c ./Core/Src/Eeprom.o
 .debug_macro   0x00000000000010b4       0x22 ./Core/Src/Eeprom.o
 .debug_macro   0x00000000000010d6       0xbd ./Core/Src/Eeprom.o
 .debug_macro   0x0000000000001193      0xd23 ./Core/Src/Eeprom.o
 .debug_macro   0x0000000000001eb6     0x8057 ./Core/Src/Eeprom.o
 .debug_macro   0x0000000000009f0d       0x6d ./Core/Src/Eeprom.o
 .debug_macro   0x0000000000009f7a      0x36d ./Core/Src/Eeprom.o
 .debug_macro   0x000000000000a2e7      0x13d ./Core/Src/Eeprom.o
 .debug_macro   0x000000000000a424       0x92 ./Core/Src/Eeprom.o
 .debug_macro   0x000000000000a4b6       0xca ./Core/Src/Eeprom.o
 .debug_macro   0x000000000000a580       0x28 ./Core/Src/Eeprom.o
 .debug_macro   0x000000000000a5a8       0x2a ./Core/Src/Eeprom.o
 .debug_macro   0x000000000000a5d2       0x90 ./Core/Src/Eeprom.o
 .debug_macro   0x000000000000a662      0x287 ./Core/Src/Eeprom.o
 .debug_macro   0x000000000000a8e9      0x1bb ./Core/Src/Eeprom.o
 .debug_macro   0x000000000000aaa4      0x22a ./Core/Src/Eeprom.o
 .debug_macro   0x000000000000acce       0x46 ./Core/Src/Eeprom.o
 .debug_macro   0x000000000000ad14       0x33 ./Core/Src/Eeprom.o
 .debug_macro   0x000000000000ad47      0x167 ./Core/Src/General.o
 .debug_macro   0x000000000000aeae      0x367 ./Core/Src/General.o
 .debug_macro   0x000000000000b215       0xc5 ./Core/Src/Lib.o
 .debug_macro   0x000000000000b2da      0x24d ./Core/Src/main.o
 .debug_macro   0x000000000000b527      0x80f ./Core/Src/main.o
 .debug_macro   0x000000000000bd36      0x57a ./Core/Src/main.o
 .debug_macro   0x000000000000c2b0       0x22 ./Core/Src/main.o
 .debug_macro   0x000000000000c2d2      0x180 ./Core/Src/stm32f1xx_it.o
 .debug_macro   0x000000000000c452       0xbb ./Core/Src/system_stm32f1xx.o
 .debug_macro   0x000000000000c50d      0x15f ./Core/Src/usart.o
 .debug_macro   0x000000000000c66c      0x127 ./Drivers/STM32F1xx_HAL_Driver/Src/stm32f1xx_ll_adc.o
 .debug_macro   0x000000000000c793       0xf7 ./Drivers/STM32F1xx_HAL_Driver/Src/stm32f1xx_ll_gpio.o
 .debug_macro   0x000000000000c88a      0x224 ./Drivers/STM32F1xx_HAL_Driver/Src/stm32f1xx_ll_gpio.o
 .debug_macro   0x000000000000caae       0xd6 ./Drivers/STM32F1xx_HAL_Driver/Src/stm32f1xx_ll_rcc.o
 .debug_macro   0x000000000000cb84      0x146 ./Drivers/STM32F1xx_HAL_Driver/Src/stm32f1xx_ll_tim.o
 .debug_macro   0x000000000000ccca      0x574 ./Drivers/STM32F1xx_HAL_Driver/Src/stm32f1xx_ll_tim.o
 .debug_macro   0x000000000000d23e      0x12a ./Drivers/STM32F1xx_HAL_Driver/Src/stm32f1xx_ll_usart.o
 .debug_macro   0x000000000000d368      0x1b5 ./Drivers/STM32F1xx_HAL_Driver/Src/stm32f1xx_ll_usart.o
 .debug_macro   0x000000000000d51d      0x12d ./Drivers/STM32F1xx_HAL_Driver/Src/stm32f1xx_ll_utils.o

.debug_line     0x0000000000000000     0x8a03
 .debug_line    0x0000000000000000      0xc65 ./Core/Src/Eeprom.o
 .debug_line    0x0000000000000c65      0xc4b ./Core/Src/General.o
 .debug_line    0x00000000000018b0      0xe69 ./Core/Src/Lib.o
 .debug_line    0x0000000000002719     0x19f8 ./Core/Src/main.o
 .debug_line    0x0000000000004111      0x8ba ./Core/Src/stm32f1xx_it.o
 .debug_line    0x00000000000049cb      0x4c6 ./Core/Src/system_stm32f1xx.o
 .debug_line    0x0000000000004e91      0xba9 ./Core/Src/usart.o
 .debug_line    0x0000000000005a3a       0x87 ./Core/Startup/startup_stm32f100rctx.o
 .debug_line    0x0000000000005ac1      0x6fd ./Drivers/STM32F1xx_HAL_Driver/Src/stm32f1xx_ll_adc.o
 .debug_line    0x00000000000061be      0x6e5 ./Drivers/STM32F1xx_HAL_Driver/Src/stm32f1xx_ll_gpio.o
 .debug_line    0x00000000000068a3      0x78a ./Drivers/STM32F1xx_HAL_Driver/Src/stm32f1xx_ll_rcc.o
 .debug_line    0x000000000000702d      0xaf3 ./Drivers/STM32F1xx_HAL_Driver/Src/stm32f1xx_ll_tim.o
 .debug_line    0x0000000000007b20      0x6c6 ./Drivers/STM32F1xx_HAL_Driver/Src/stm32f1xx_ll_usart.o
 .debug_line    0x00000000000081e6      0x81d ./Drivers/STM32F1xx_HAL_Driver/Src/stm32f1xx_ll_utils.o

.debug_str      0x0000000000000000    0x4c322
 .debug_str     0x0000000000000000    0x3e11b ./Core/Src/Eeprom.o
                                      0x3e3d5 (size before relaxing)
 .debug_str     0x000000000003e11b      0x151 ./Core/Src/General.o
                                      0x3e141 (size before relaxing)
 .debug_str     0x000000000003e26c      0x2fa ./Core/Src/Lib.o
                                      0x3753e (size before relaxing)
 .debug_str     0x000000000003e566     0x9a2f ./Core/Src/main.o
                                      0x47d0c (size before relaxing)
 .debug_str     0x0000000000047f95      0x158 ./Core/Src/stm32f1xx_it.o
                                      0x46693 (size before relaxing)
 .debug_str     0x00000000000480ed       0x66 ./Core/Src/system_stm32f1xx.o
                                      0x372cd (size before relaxing)
 .debug_str     0x0000000000048153      0x196 ./Core/Src/usart.o
                                      0x3e1f0 (size before relaxing)
 .debug_str     0x00000000000482e9       0x36 ./Core/Startup/startup_stm32f100rctx.o
                                         0x62 (size before relaxing)
 .debug_str     0x000000000004831f     0x12f5 ./Drivers/STM32F1xx_HAL_Driver/Src/stm32f1xx_ll_adc.o
                                      0x3e594 (size before relaxing)
 .debug_str     0x0000000000049614      0x3a0 ./Drivers/STM32F1xx_HAL_Driver/Src/stm32f1xx_ll_gpio.o
                                      0x38eab (size before relaxing)
 .debug_str     0x00000000000499b4      0x2bf ./Drivers/STM32F1xx_HAL_Driver/Src/stm32f1xx_ll_rcc.o
                                      0x38ce9 (size before relaxing)
 .debug_str     0x0000000000049c73     0x12b7 ./Drivers/STM32F1xx_HAL_Driver/Src/stm32f1xx_ll_tim.o
                                      0x3bbf0 (size before relaxing)
 .debug_str     0x000000000004af2a      0x7cf ./Drivers/STM32F1xx_HAL_Driver/Src/stm32f1xx_ll_usart.o
                                      0x3a8ce (size before relaxing)
 .debug_str     0x000000000004b6f9      0xc29 ./Drivers/STM32F1xx_HAL_Driver/Src/stm32f1xx_ll_utils.o
                                      0x39d00 (size before relaxing)

.comment        0x0000000000000000       0x50
 .comment       0x0000000000000000       0x50 ./Core/Src/Eeprom.o
                                         0x51 (size before relaxing)
 .comment       0x0000000000000050       0x51 ./Core/Src/General.o
 .comment       0x0000000000000050       0x51 ./Core/Src/Lib.o
 .comment       0x0000000000000050       0x51 ./Core/Src/main.o
 .comment       0x0000000000000050       0x51 ./Core/Src/stm32f1xx_it.o
 .comment       0x0000000000000050       0x51 ./Core/Src/system_stm32f1xx.o
 .comment       0x0000000000000050       0x51 ./Core/Src/usart.o
 .comment       0x0000000000000050       0x51 ./Drivers/STM32F1xx_HAL_Driver/Src/stm32f1xx_ll_adc.o
 .comment       0x0000000000000050       0x51 ./Drivers/STM32F1xx_HAL_Driver/Src/stm32f1xx_ll_gpio.o
 .comment       0x0000000000000050       0x51 ./Drivers/STM32F1xx_HAL_Driver/Src/stm32f1xx_ll_rcc.o
 .comment       0x0000000000000050       0x51 ./Drivers/STM32F1xx_HAL_Driver/Src/stm32f1xx_ll_tim.o
 .comment       0x0000000000000050       0x51 ./Drivers/STM32F1xx_HAL_Driver/Src/stm32f1xx_ll_usart.o
 .comment       0x0000000000000050       0x51 ./Drivers/STM32F1xx_HAL_Driver/Src/stm32f1xx_ll_utils.o

.debug_frame    0x0000000000000000     0x2cfc
 .debug_frame   0x0000000000000000      0x354 ./Core/Src/Eeprom.o
 .debug_frame   0x0000000000000354      0x170 ./Core/Src/General.o
 .debug_frame   0x00000000000004c4      0x490 ./Core/Src/Lib.o
 .debug_frame   0x0000000000000954      0xb54 ./Core/Src/main.o
 .debug_frame   0x00000000000014a8      0x200 ./Core/Src/stm32f1xx_it.o
 .debug_frame   0x00000000000016a8       0x58 ./Core/Src/system_stm32f1xx.o
 .debug_frame   0x0000000000001700      0x394 ./Core/Src/usart.o
 .debug_frame   0x0000000000001a94      0x2c8 ./Drivers/STM32F1xx_HAL_Driver/Src/stm32f1xx_ll_adc.o
 .debug_frame   0x0000000000001d5c      0x170 ./Drivers/STM32F1xx_HAL_Driver/Src/stm32f1xx_ll_gpio.o
 .debug_frame   0x0000000000001ecc      0x300 ./Drivers/STM32F1xx_HAL_Driver/Src/stm32f1xx_ll_rcc.o
 .debug_frame   0x00000000000021cc      0x538 ./Drivers/STM32F1xx_HAL_Driver/Src/stm32f1xx_ll_tim.o
 .debug_frame   0x0000000000002704      0x234 ./Drivers/STM32F1xx_HAL_Driver/Src/stm32f1xx_ll_usart.o
 .debug_frame   0x0000000000002938      0x370 ./Drivers/STM32F1xx_HAL_Driver/Src/stm32f1xx_ll_utils.o
 .debug_frame   0x0000000000002ca8       0x2c c:/st/stm32cubeide_1.9.0/stm32cubeide/plugins/com.st.stm32cube.ide.mcu.externaltools.gnu-tools-for-stm32.10.3-2021.10.win32_1.0.0.202111181127/tools/bin/../lib/gcc/arm-none-eabi/10.3.1/../../../../arm-none-eabi/lib/thumb/v7-m/nofp\libc_nano.a(lib_a-init.o)
 .debug_frame   0x0000000000002cd4       0x28 c:/st/stm32cubeide_1.9.0/stm32cubeide/plugins/com.st.stm32cube.ide.mcu.externaltools.gnu-tools-for-stm32.10.3-2021.10.win32_1.0.0.202111181127/tools/bin/../lib/gcc/arm-none-eabi/10.3.1/../../../../arm-none-eabi/lib/thumb/v7-m/nofp\libc_nano.a(lib_a-memcpy-stub.o)
