Archive member included to satisfy reference by file (symbol)

c:/st/stm32cubeide_1.9.0/stm32cubeide/plugins/com.st.stm32cube.ide.mcu.externaltools.gnu-tools-for-stm32.10.3-2021.10.win32_1.0.0.202111181127/tools/bin/../lib/gcc/arm-none-eabi/10.3.1/../../../../arm-none-eabi/lib/thumb/v7-m/nofp\libc_nano.a(lib_a-errno.o)
                              ./Core/Src/syscalls.o (__errno)
c:/st/stm32cubeide_1.9.0/stm32cubeide/plugins/com.st.stm32cube.ide.mcu.externaltools.gnu-tools-for-stm32.10.3-2021.10.win32_1.0.0.202111181127/tools/bin/../lib/gcc/arm-none-eabi/10.3.1/../../../../arm-none-eabi/lib/thumb/v7-m/nofp\libc_nano.a(lib_a-exit.o)
                              c:/st/stm32cubeide_1.9.0/stm32cubeide/plugins/com.st.stm32cube.ide.mcu.externaltools.gnu-tools-for-stm32.10.3-2021.10.win32_1.0.0.202111181127/tools/bin/../lib/gcc/arm-none-eabi/10.3.1/../../../../arm-none-eabi/lib/thumb/v7-m/nofp/crt0.o (exit)
c:/st/stm32cubeide_1.9.0/stm32cubeide/plugins/com.st.stm32cube.ide.mcu.externaltools.gnu-tools-for-stm32.10.3-2021.10.win32_1.0.0.202111181127/tools/bin/../lib/gcc/arm-none-eabi/10.3.1/../../../../arm-none-eabi/lib/thumb/v7-m/nofp\libc_nano.a(lib_a-impure.o)
                              c:/st/stm32cubeide_1.9.0/stm32cubeide/plugins/com.st.stm32cube.ide.mcu.externaltools.gnu-tools-for-stm32.10.3-2021.10.win32_1.0.0.202111181127/tools/bin/../lib/gcc/arm-none-eabi/10.3.1/../../../../arm-none-eabi/lib/thumb/v7-m/nofp\libc_nano.a(lib_a-exit.o) (_global_impure_ptr)
c:/st/stm32cubeide_1.9.0/stm32cubeide/plugins/com.st.stm32cube.ide.mcu.externaltools.gnu-tools-for-stm32.10.3-2021.10.win32_1.0.0.202111181127/tools/bin/../lib/gcc/arm-none-eabi/10.3.1/../../../../arm-none-eabi/lib/thumb/v7-m/nofp\libc_nano.a(lib_a-init.o)
                              c:/st/stm32cubeide_1.9.0/stm32cubeide/plugins/com.st.stm32cube.ide.mcu.externaltools.gnu-tools-for-stm32.10.3-2021.10.win32_1.0.0.202111181127/tools/bin/../lib/gcc/arm-none-eabi/10.3.1/../../../../arm-none-eabi/lib/thumb/v7-m/nofp/crt0.o (__libc_init_array)
c:/st/stm32cubeide_1.9.0/stm32cubeide/plugins/com.st.stm32cube.ide.mcu.externaltools.gnu-tools-for-stm32.10.3-2021.10.win32_1.0.0.202111181127/tools/bin/../lib/gcc/arm-none-eabi/10.3.1/../../../../arm-none-eabi/lib/thumb/v7-m/nofp\libc_nano.a(lib_a-memcpy-stub.o)
                              ./Core/Src/Eeprom.o (memcpy)
c:/st/stm32cubeide_1.9.0/stm32cubeide/plugins/com.st.stm32cube.ide.mcu.externaltools.gnu-tools-for-stm32.10.3-2021.10.win32_1.0.0.202111181127/tools/bin/../lib/gcc/arm-none-eabi/10.3.1/../../../../arm-none-eabi/lib/thumb/v7-m/nofp\libc_nano.a(lib_a-memset.o)
                              c:/st/stm32cubeide_1.9.0/stm32cubeide/plugins/com.st.stm32cube.ide.mcu.externaltools.gnu-tools-for-stm32.10.3-2021.10.win32_1.0.0.202111181127/tools/bin/../lib/gcc/arm-none-eabi/10.3.1/../../../../arm-none-eabi/lib/thumb/v7-m/nofp/crt0.o (memset)

Allocating common symbols
Common symbol       size              file

RequestFromClientToSrv
                    0x21              ./Core/Src/main.o
Master              0x22              ./Core/Src/main.o
Temp_R_A_B          0x60              ./Core/Src/Eeprom.o
SelectedOptionValue1
                    0x4               ./Core/Src/main.o
Voltage10Percent    0x2               ./Core/Src/main.o
Slave               0x22              ./Core/Src/main.o
Current             0x2               ./Core/Src/Eeprom.o
CellsDatabase       0xe0              ./Core/Src/Eeprom.o
Battery             0x12              ./Core/Src/Eeprom.o
AnswerFromSrvToClient
                    0x42              ./Core/Src/main.o
ChargeDurationSec   0x4               ./Core/Src/main.o
RegularConvData     0x20              ./Core/Src/Eeprom.o
U_Controller        0x2               ./Core/Src/Eeprom.o
step                0x4               ./Core/Src/main.o
SelectedOptionValue
                    0x4               ./Core/Src/main.o
Voltage95Percent    0x2               ./Core/Src/main.o
LoggingData         0x19c             ./Core/Src/Eeprom.o

Discarded input sections

 .text          0x0000000000000000        0x0 c:/st/stm32cubeide_1.9.0/stm32cubeide/plugins/com.st.stm32cube.ide.mcu.externaltools.gnu-tools-for-stm32.10.3-2021.10.win32_1.0.0.202111181127/tools/bin/../lib/gcc/arm-none-eabi/10.3.1/thumb/v7-m/nofp/crti.o
 .data          0x0000000000000000        0x0 c:/st/stm32cubeide_1.9.0/stm32cubeide/plugins/com.st.stm32cube.ide.mcu.externaltools.gnu-tools-for-stm32.10.3-2021.10.win32_1.0.0.202111181127/tools/bin/../lib/gcc/arm-none-eabi/10.3.1/thumb/v7-m/nofp/crti.o
 .bss           0x0000000000000000        0x0 c:/st/stm32cubeide_1.9.0/stm32cubeide/plugins/com.st.stm32cube.ide.mcu.externaltools.gnu-tools-for-stm32.10.3-2021.10.win32_1.0.0.202111181127/tools/bin/../lib/gcc/arm-none-eabi/10.3.1/thumb/v7-m/nofp/crti.o
[...]
Memory Configuration

Name             Origin             Length             Attributes
RAM              0x0000000020000000 0x0000000000006000 xrw
FLASH            0x0000000008000000 0x0000000000040000 xr
*default*        0x0000000000000000 0xffffffffffffffff

Linker script and memory map

LOAD c:/st/stm32cubeide_1.9.0/stm32cubeide/plugins/com.st.stm32cube.ide.mcu.externaltools.gnu-tools-for-stm32.10.3-2021.10.win32_1.0.0.202111181127/tools/bin/../lib/gcc/arm-none-eabi/10.3.1/thumb/v7-m/nofp/crti.o
LOAD c:/st/stm32cubeide_1.9.0/stm32cubeide/plugins/com.st.stm32cube.ide.mcu.externaltools.gnu-tools-for-stm32.10.3-2021.10.win32_1.0.0.202111181127/tools/bin/../lib/gcc/arm-none-eabi/10.3.1/thumb/v7-m/nofp/crtbegin.o
LOAD c:/st/stm32cubeide_1.9.0/stm32cubeide/plugins/com.st.stm32cube.ide.mcu.externaltools.gnu-tools-for-stm32.10.3-2021.10.win32_1.0.0.202111181127/tools/bin/../lib/gcc/arm-none-eabi/10.3.1/../../../../arm-none-eabi/lib/thumb/v7-m/nofp/crt0.o
LOAD ./Core/Src/Eeprom.o
LOAD ./Core/Src/General.o
LOAD ./Core/Src/Lib.o
LOAD ./Core/Src/main.o
LOAD ./Core/Src/stm32f1xx_it.o
LOAD ./Core/Src/syscalls.o
LOAD ./Core/Src/sysmem.o
LOAD ./Core/Src/system_stm32f1xx.o
LOAD ./Core/Src/usart.o
LOAD ./Core/Startup/startup_stm32f100rctx.o
LOAD ./Drivers/STM32F1xx_HAL_Driver/Src/stm32f1xx_ll_adc.o
LOAD ./Drivers/STM32F1xx_HAL_Driver/Src/stm32f1xx_ll_dma.o
LOAD ./Drivers/STM32F1xx_HAL_Driver/Src/stm32f1xx_ll_exti.o
LOAD ./Drivers/STM32F1xx_HAL_Driver/Src/stm32f1xx_ll_gpio.o
LOAD ./Drivers/STM32F1xx_HAL_Driver/Src/stm32f1xx_ll_pwr.o
LOAD ./Drivers/STM32F1xx_HAL_Driver/Src/stm32f1xx_ll_rcc.o
LOAD ./Drivers/STM32F1xx_HAL_Driver/Src/stm32f1xx_ll_tim.o
LOAD ./Drivers/STM32F1xx_HAL_Driver/Src/stm32f1xx_ll_usart.o
LOAD ./Drivers/STM32F1xx_HAL_Driver/Src/stm32f1xx_ll_utils.o
START GROUP
LOAD c:/st/stm32cubeide_1.9.0/stm32cubeide/plugins/com.st.stm32cube.ide.mcu.externaltools.gnu-tools-for-stm32.10.3-2021.10.win32_1.0.0.202111181127/tools/bin/../lib/gcc/arm-none-eabi/10.3.1/../../../../arm-none-eabi/lib/thumb/v7-m/nofp\libc_nano.a
LOAD c:/st/stm32cubeide_1.9.0/stm32cubeide/plugins/com.st.stm32cube.ide.mcu.externaltools.gnu-tools-for-stm32.10.3-2021.10.win32_1.0.0.202111181127/tools/bin/../lib/gcc/arm-none-eabi/10.3.1/../../../../arm-none-eabi/lib/thumb/v7-m/nofp\libm.a
END GROUP
START GROUP
LOAD c:/st/stm32cubeide_1.9.0/stm32cubeide/plugins/com.st.stm32cube.ide.mcu.externaltools.gnu-tools-for-stm32.10.3-2021.10.win32_1.0.0.202111181127/tools/bin/../lib/gcc/arm-none-eabi/10.3.1/thumb/v7-m/nofp\libgcc.a
LOAD c:/st/stm32cubeide_1.9.0/stm32cubeide/plugins/com.st.stm32cube.ide.mcu.externaltools.gnu-tools-for-stm32.10.3-2021.10.win32_1.0.0.202111181127/tools/bin/../lib/gcc/arm-none-eabi/10.3.1/../../../../arm-none-eabi/lib/thumb/v7-m/nofp\libc_nano.a
END GROUP
START GROUP
LOAD c:/st/stm32cubeide_1.9.0/stm32cubeide/plugins/com.st.stm32cube.ide.mcu.externaltools.gnu-tools-for-stm32.10.3-2021.10.win32_1.0.0.202111181127/tools/bin/../lib/gcc/arm-none-eabi/10.3.1/thumb/v7-m/nofp\libgcc.a
LOAD c:/st/stm32cubeide_1.9.0/stm32cubeide/plugins/com.st.stm32cube.ide.mcu.externaltools.gnu-tools-for-stm32.10.3-2021.10.win32_1.0.0.202111181127/tools/bin/../lib/gcc/arm-none-eabi/10.3.1/../../../../arm-none-eabi/lib/thumb/v7-m/nofp\libc_nano.a
LOAD c:/st/stm32cubeide_1.9.0/stm32cubeide/plugins/com.st.stm32cube.ide.mcu.externaltools.gnu-tools-for-stm32.10.3-2021.10.win32_1.0.0.202111181127/tools/bin/../lib/gcc/arm-none-eabi/10.3.1/../../../../arm-none-eabi/lib/thumb/v7-m/nofp\libnosys.a
END GROUP
START GROUP
LOAD c:/st/stm32cubeide_1.9.0/stm32cubeide/plugins/com.st.stm32cube.ide.mcu.externaltools.gnu-tools-for-stm32.10.3-2021.10.win32_1.0.0.202111181127/tools/bin/../lib/gcc/arm-none-eabi/10.3.1/thumb/v7-m/nofp\libgcc.a
LOAD c:/st/stm32cubeide_1.9.0/stm32cubeide/plugins/com.st.stm32cube.ide.mcu.externaltools.gnu-tools-for-stm32.10.3-2021.10.win32_1.0.0.202111181127/tools/bin/../lib/gcc/arm-none-eabi/10.3.1/../../../../arm-none-eabi/lib/thumb/v7-m/nofp\libc_nano.a
LOAD c:/st/stm32cubeide_1.9.0/stm32cubeide/plugins/com.st.stm32cube.ide.mcu.externaltools.gnu-tools-for-stm32.10.3-2021.10.win32_1.0.0.202111181127/tools/bin/../lib/gcc/arm-none-eabi/10.3.1/../../../../arm-none-eabi/lib/thumb/v7-m/nofp\libnosys.a
END GROUP
LOAD c:/st/stm32cubeide_1.9.0/stm32cubeide/plugins/com.st.stm32cube.ide.mcu.externaltools.gnu-tools-for-stm32.10.3-2021.10.win32_1.0.0.202111181127/tools/bin/../lib/gcc/arm-none-eabi/10.3.1/thumb/v7-m/nofp/crtend.o
LOAD c:/st/stm32cubeide_1.9.0/stm32cubeide/plugins/com.st.stm32cube.ide.mcu.externaltools.gnu-tools-for-stm32.10.3-2021.10.win32_1.0.0.202111181127/tools/bin/../lib/gcc/arm-none-eabi/10.3.1/thumb/v7-m/nofp/crtn.o
                0x0000000020006000                _estack = (ORIGIN (RAM) + LENGTH (RAM))
                0x0000000000000200                _Min_Heap_Size = 0x200
                0x0000000000000400                _Min_Stack_Size = 0x400

.isr_vector     0x0000000008000000      0x1e4
                0x0000000008000000                . = ALIGN (0x4)
 *(.isr_vector)
 .isr_vector    0x0000000008000000      0x1e4 ./Core/Startup/startup_stm32f100rctx.o
                0x0000000008000000                g_pfnVectors
                0x00000000080001e4                . = ALIGN (0x4)

.text           0x00000000080001e4     0x5408
                0x00000000080001e4                . = ALIGN (0x4)
 *(.text)
 .text          0x00000000080001e4       0x40 c:/st/stm32cubeide_1.9.0/stm32cubeide/plugins/com.st.stm32cube.ide.mcu.externaltools.gnu-tools-for-stm32.10.3-2021.10.win32_1.0.0.202111181127/tools/bin/../lib/gcc/arm-none-eabi/10.3.1/thumb/v7-m/nofp/crtbegin.o
 *(.text*)
 .text.flash_erase_page
                0x0000000008000224       0x74 ./Core/Src/Eeprom.o
                0x0000000008000224                flash_erase_page
 .text.flash_unlock
                0x0000000008000298       0x24 ./Core/Src/Eeprom.o
                0x0000000008000298                flash_unlock
 .text.flash_lock
                0x00000000080002bc       0x1c ./Core/Src/Eeprom.o
                0x00000000080002bc                flash_lock
 .text.flash_write
                0x00000000080002d8       0x94 ./Core/Src/Eeprom.o
                0x00000000080002d8                flash_write
 .text.flash_write_block
                0x000000000800036c       0xa0 ./Core/Src/Eeprom.o
                0x000000000800036c                flash_write_block
 .text.flash_read_block
                0x000000000800040c       0x58 ./Core/Src/Eeprom.o
                0x000000000800040c                flash_read_block
 .text.flash_read
                0x0000000008000464       0x84 ./Core/Src/Eeprom.o
                0x0000000008000464                flash_read
 .text.FactoryWriteToFlash_CRC
                0x00000000080004e8      0x1d0 ./Core/Src/Eeprom.o
                0x00000000080004e8                FactoryWriteToFlash_CRC
 .text.CalibrationFactoryWriteToFlash
                0x00000000080006b8       0xcc ./Core/Src/Eeprom.o
                0x00000000080006b8                CalibrationFactoryWriteToFlash
 .text.CalibrationReadFromFlash
                0x0000000008000784       0xfc ./Core/Src/Eeprom.o
                0x0000000008000784                CalibrationReadFromFlash
 .text.CalibrationReadFromFlashForVerify
                0x0000000008000880       0xfc ./Core/Src/Eeprom.o
                0x0000000008000880                CalibrationReadFromFlashForVerify
 .text.SettingsFactoryWriteToFlash
                0x000000000800097c       0xbc ./Core/Src/Eeprom.o
                0x000000000800097c                SettingsFactoryWriteToFlash
 .text.SettingsReadFromFlash
                0x0000000008000a38       0xe0 ./Core/Src/Eeprom.o
                0x0000000008000a38                SettingsReadFromFlash
 .text.SettingsReadFromFlashForVerify
                0x0000000008000b18       0xe0 ./Core/Src/Eeprom.o
                0x0000000008000b18                SettingsReadFromFlashForVerify
 .text.DataWhenPowerOff_Factory_WriteToFlash
                0x0000000008000bf8       0x6c ./Core/Src/Eeprom.o
                0x0000000008000bf8                DataWhenPowerOff_Factory_WriteToFlash
 .text.DataWhenPowerOffReadFromFlash
                0x0000000008000c64       0x78 ./Core/Src/Eeprom.o
                0x0000000008000c64                DataWhenPowerOffReadFromFlash
 .text.DataWhenPowerOffReadFromFlashForVerify
                0x0000000008000cdc       0x78 ./Core/Src/Eeprom.o
                0x0000000008000cdc                DataWhenPowerOffReadFromFlashForVerify
 .text.ReadFromFlash
                0x0000000008000d54       0x98 ./Core/Src/Eeprom.o
                0x0000000008000d54                ReadFromFlash
 .text.CalcCRC8
                0x0000000008000dec       0xbc ./Core/Src/Eeprom.o
                0x0000000008000dec                CalcCRC8
 .text.WriteInLOG
                0x0000000008000ea8      0x29c ./Core/Src/General.o
                0x0000000008000ea8                WriteInLOG
 .text.InfoToUARTBeforeStart
                0x0000000008001144      0x270 ./Core/Src/General.o
                0x0000000008001144                InfoToUARTBeforeStart
 .text.delay_us
                0x00000000080013b4       0x94 ./Core/Src/General.o
                0x00000000080013b4                delay_us
 .text.delay_ms
                0x0000000008001448       0x28 ./Core/Src/General.o
                0x0000000008001448                delay_ms
 .text.calcCRC  0x0000000008001470       0xbc ./Core/Src/General.o
                0x0000000008001470                calcCRC
 .text.itoa     0x000000000800152c       0xec ./Core/Src/Lib.o
                0x000000000800152c                itoa
 .text.itoa_koma
                0x0000000008001618      0x1c0 ./Core/Src/Lib.o
                0x0000000008001618                itoa_koma
 .text.Module16
                0x00000000080017d8       0x40 ./Core/Src/Lib.o
                0x00000000080017d8                Module16
 .text.Module32
                0x0000000008001818       0x32 ./Core/Src/Lib.o
                0x0000000008001818                Module32
 *fill*         0x000000000800184a        0x2 
 .text.RunningAverageI1
                0x000000000800184c       0x54 ./Core/Src/Lib.o
                0x000000000800184c                RunningAverageI1
 .text.RunningAverageI2
                0x00000000080018a0       0x54 ./Core/Src/Lib.o
                0x00000000080018a0                RunningAverageI2
 .text.RunningAverageU1
                0x00000000080018f4       0x54 ./Core/Src/Lib.o
                0x00000000080018f4                RunningAverageU1
 .text.RunningAverageU2
                0x0000000008001948       0x54 ./Core/Src/Lib.o
                0x0000000008001948                RunningAverageU2
 .text.RunningAverageU3
                0x000000000800199c       0x54 ./Core/Src/Lib.o
                0x000000000800199c                RunningAverageU3
 .text.RunningAverageU4
                0x00000000080019f0       0x54 ./Core/Src/Lib.o
                0x00000000080019f0                RunningAverageU4
 .text.RunningAverageU5
                0x0000000008001a44       0x54 ./Core/Src/Lib.o
                0x0000000008001a44                RunningAverageU5
 .text.RunningAverageU6
                0x0000000008001a98       0x54 ./Core/Src/Lib.o
                0x0000000008001a98                RunningAverageU6
 .text.RunningAverageU7
                0x0000000008001aec       0x54 ./Core/Src/Lib.o
                0x0000000008001aec                RunningAverageU7
 .text.RunningAverageU8
                0x0000000008001b40       0x54 ./Core/Src/Lib.o
                0x0000000008001b40                RunningAverageU8
 .text.__NVIC_SetPriorityGrouping
                0x0000000008001b94       0x48 ./Core/Src/main.o
 .text.__NVIC_GetPriorityGrouping
                0x0000000008001bdc       0x1c ./Core/Src/main.o
 .text.__NVIC_EnableIRQ
                0x0000000008001bf8       0x38 ./Core/Src/main.o
 .text.__NVIC_SetPriority
                0x0000000008001c30       0x54 ./Core/Src/main.o
 .text.NVIC_EncodePriority
                0x0000000008001c84       0x64 ./Core/Src/main.o
 .text.SysTick_Config
                0x0000000008001ce8       0x44 ./Core/Src/main.o
 .text.LL_ADC_DMA_GetRegAddr
                0x0000000008001d2c       0x18 ./Core/Src/main.o
 .text.LL_ADC_SetCommonPathInternalCh
                0x0000000008001d44       0x24 ./Core/Src/main.o
 .text.LL_ADC_REG_SetSequencerRanks
                0x0000000008001d68       0x6a ./Core/Src/main.o
 .text.LL_ADC_SetChannelSamplingTime
                0x0000000008001dd2       0x96 ./Core/Src/main.o
 .text.LL_ADC_Enable
                0x0000000008001e68       0x1e ./Core/Src/main.o
 .text.LL_ADC_StartCalibration
                0x0000000008001e86       0x1e ./Core/Src/main.o
 .text.LL_ADC_IsCalibrationOnGoing
                0x0000000008001ea4       0x24 ./Core/Src/main.o
 .text.LL_ADC_REG_StartConversionSWStart
                0x0000000008001ec8       0x1e ./Core/Src/main.o
 *fill*         0x0000000008001ee6        0x2 
 .text.LL_DMA_EnableChannel
                0x0000000008001ee8       0x3c ./Core/Src/main.o
 .text.LL_DMA_SetDataTransferDirection
                0x0000000008001f24       0x48 ./Core/Src/main.o
 .text.LL_DMA_SetMode
                0x0000000008001f6c       0x44 ./Core/Src/main.o
 .text.LL_DMA_SetPeriphIncMode
                0x0000000008001fb0       0x44 ./Core/Src/main.o
 .text.LL_DMA_SetMemoryIncMode
                0x0000000008001ff4       0x44 ./Core/Src/main.o
 .text.LL_DMA_SetPeriphSize
                0x0000000008002038       0x44 ./Core/Src/main.o
 .text.LL_DMA_SetMemorySize
                0x000000000800207c       0x44 ./Core/Src/main.o
 .text.LL_DMA_SetChannelPriorityLevel
                0x00000000080020c0       0x44 ./Core/Src/main.o
 .text.LL_DMA_SetDataLength
                0x0000000008002104       0x44 ./Core/Src/main.o
 .text.LL_DMA_ConfigAddresses
                0x0000000008002148       0x74 ./Core/Src/main.o
 .text.LL_RCC_HSE_Enable
                0x00000000080021bc       0x1c ./Core/Src/main.o
 .text.LL_RCC_HSE_IsReady
                0x00000000080021d8       0x24 ./Core/Src/main.o
 .text.LL_RCC_SetSysClkSource
                0x00000000080021fc       0x28 ./Core/Src/main.o
 .text.LL_RCC_GetSysClkSource
                0x0000000008002224       0x18 ./Core/Src/main.o
 .text.LL_RCC_SetAHBPrescaler
                0x000000000800223c       0x28 ./Core/Src/main.o
 .text.LL_RCC_SetAPB1Prescaler
                0x0000000008002264       0x28 ./Core/Src/main.o
 .text.LL_RCC_SetAPB2Prescaler
                0x000000000800228c       0x28 ./Core/Src/main.o
 .text.LL_RCC_SetADCClockSource
                0x00000000080022b4       0x28 ./Core/Src/main.o
 .text.LL_RCC_PLL_Enable
                0x00000000080022dc       0x1c ./Core/Src/main.o
 .text.LL_RCC_PLL_IsReady
                0x00000000080022f8       0x24 ./Core/Src/main.o
 .text.LL_RCC_PLL_ConfigDomain_SYS
                0x000000000800231c       0x44 ./Core/Src/main.o
 .text.LL_AHB1_GRP1_EnableClock
                0x0000000008002360       0x30 ./Core/Src/main.o
 .text.LL_APB1_GRP1_EnableClock
                0x0000000008002390       0x30 ./Core/Src/main.o
 .text.LL_APB2_GRP1_EnableClock
                0x00000000080023c0       0x30 ./Core/Src/main.o
 .text.LL_TIM_EnableCounter
                0x00000000080023f0       0x1e ./Core/Src/main.o
 .text.LL_TIM_DisableARRPreload
                0x000000000800240e       0x1e ./Core/Src/main.o
 .text.LL_TIM_SetTriggerOutput
                0x000000000800242c       0x24 ./Core/Src/main.o
 .text.LL_TIM_DisableMasterSlaveMode
                0x0000000008002450       0x1e ./Core/Src/main.o
 .text.LL_TIM_EnableIT_UPDATE
                0x000000000800246e       0x1e ./Core/Src/main.o
 .text.LL_USART_Enable
                0x000000000800248c       0x1e ./Core/Src/main.o
 .text.LL_USART_ConfigAsyncMode
                0x00000000080024aa       0x2a ./Core/Src/main.o
 .text.LL_USART_EnableIT_RXNE
                0x00000000080024d4       0x1e ./Core/Src/main.o
 .text.LL_USART_EnableIT_TXE
                0x00000000080024f2       0x1e ./Core/Src/main.o
 .text.LL_GPIO_IsInputPinSet
                0x0000000008002510       0x2c ./Core/Src/main.o
 .text.LL_GPIO_ResetOutputPin
                0x000000000800253c       0x1e ./Core/Src/main.o
 *fill*         0x000000000800255a        0x2 
 .text.LL_GPIO_AF_Remap_SWJ_NOJTAG
                0x000000000800255c       0x28 ./Core/Src/main.o
 .text.OFF_Itself
                0x0000000008002584       0x64 ./Core/Src/main.o
                0x0000000008002584                OFF_Itself
 .text.AllBalansirON
                0x00000000080025e8       0x50 ./Core/Src/main.o
                0x00000000080025e8                AllBalansirON
 .text.Balansir_handler
                0x0000000008002638      0x220 ./Core/Src/main.o
                0x0000000008002638                Balansir_handler
 .text.MinVoltage_handler
                0x0000000008002858      0x1b0 ./Core/Src/main.o
                0x0000000008002858                MinVoltage_handler
 .text.OffByTimeOutIfNoAction_handler
                0x0000000008002a08       0x1c ./Core/Src/main.o
                0x0000000008002a08                OffByTimeOutIfNoAction_handler
 .text.VoltageLevelByLEDFlash
                0x0000000008002a24       0xd0 ./Core/Src/main.o
                0x0000000008002a24                VoltageLevelByLEDFlash
 .text.BUT_Debrief
                0x0000000008002af4       0x84 ./Core/Src/main.o
                0x0000000008002af4                BUT_Debrief
 .text.BUT_GetKey
                0x0000000008002b78       0x34 ./Core/Src/main.o
                0x0000000008002b78                BUT_GetKey
 .text.SysTick_Callback
                0x0000000008002bac      0x224 ./Core/Src/main.o
                0x0000000008002bac                SysTick_Callback
 .text.adc_func
                0x0000000008002dd0      0x594 ./Core/Src/main.o
                0x0000000008002dd0                adc_func
 .text.MainScreenAnswer
                0x0000000008003364      0x180 ./Core/Src/main.o
                0x0000000008003364                MainScreenAnswer
 .text.SystemInfoAnswer
                0x00000000080034e4       0xa4 ./Core/Src/main.o
                0x00000000080034e4                SystemInfoAnswer
 .text.TIM7_Callback
                0x0000000008003588       0xf8 ./Core/Src/main.o
                0x0000000008003588                TIM7_Callback
 .text.Output_ON
                0x0000000008003680       0x34 ./Core/Src/main.o
                0x0000000008003680                Output_ON
 .text.Output_OFF
                0x00000000080036b4       0x34 ./Core/Src/main.o
                0x00000000080036b4                Output_OFF
 .text.InverseOUT
                0x00000000080036e8       0x20 ./Core/Src/main.o
                0x00000000080036e8                InverseOUT
 .text.main     0x0000000008003708      0x2c0 ./Core/Src/main.o
                0x0000000008003708                main
 .text.SystemClock_Config
                0x00000000080039c8       0x70 ./Core/Src/main.o
                0x00000000080039c8                SystemClock_Config
 .text.MX_ADC1_Init
                0x0000000008003a38      0x31c ./Core/Src/main.o
 .text.MX_TIM7_Init
                0x0000000008003d54       0x80 ./Core/Src/main.o
 .text.MX_USART1_UART_Init
                0x0000000008003dd4       0xd8 ./Core/Src/main.o
 .text.MX_USART3_UART_Init
                0x0000000008003eac       0xdc ./Core/Src/main.o
 .text.MX_DMA_Init
                0x0000000008003f88       0x2e ./Core/Src/main.o
 *fill*         0x0000000008003fb6        0x2 
 .text.MX_GPIO_Init
                0x0000000008003fb8      0x10c ./Core/Src/main.o
 .text.LL_TIM_ClearFlag_UPDATE
                0x00000000080040c4       0x1a ./Core/Src/stm32f1xx_it.o
 .text.LL_TIM_IsActiveFlag_UPDATE
                0x00000000080040de       0x24 ./Core/Src/stm32f1xx_it.o
 .text.LL_USART_IsActiveFlag_RXNE
                0x0000000008004102       0x24 ./Core/Src/stm32f1xx_it.o
 .text.NMI_Handler
                0x0000000008004126        0x6 ./Core/Src/stm32f1xx_it.o
                0x0000000008004126                NMI_Handler
 .text.HardFault_Handler
                0x000000000800412c        0x6 ./Core/Src/stm32f1xx_it.o
                0x000000000800412c                HardFault_Handler
 .text.MemManage_Handler
                0x0000000008004132        0x6 ./Core/Src/stm32f1xx_it.o
                0x0000000008004132                MemManage_Handler
 .text.BusFault_Handler
                0x0000000008004138        0x6 ./Core/Src/stm32f1xx_it.o
                0x0000000008004138                BusFault_Handler
 .text.UsageFault_Handler
                0x000000000800413e        0x6 ./Core/Src/stm32f1xx_it.o
                0x000000000800413e                UsageFault_Handler
 .text.SVC_Handler
                0x0000000008004144        0xc ./Core/Src/stm32f1xx_it.o
                0x0000000008004144                SVC_Handler
 .text.DebugMon_Handler
                0x0000000008004150        0xc ./Core/Src/stm32f1xx_it.o
                0x0000000008004150                DebugMon_Handler
 .text.PendSV_Handler
                0x000000000800415c        0xc ./Core/Src/stm32f1xx_it.o
                0x000000000800415c                PendSV_Handler
 .text.SysTick_Handler
                0x0000000008004168        0xc ./Core/Src/stm32f1xx_it.o
                0x0000000008004168                SysTick_Handler
 .text.DMA1_Channel1_IRQHandler
                0x0000000008004174        0xc ./Core/Src/stm32f1xx_it.o
                0x0000000008004174                DMA1_Channel1_IRQHandler
 .text.USART1_IRQHandler
                0x0000000008004180       0x84 ./Core/Src/stm32f1xx_it.o
                0x0000000008004180                USART1_IRQHandler
 .text.USART3_IRQHandler
                0x0000000008004204      0x23c ./Core/Src/stm32f1xx_it.o
                0x0000000008004204                USART3_IRQHandler
 .text.TIM7_IRQHandler
                0x0000000008004440       0x24 ./Core/Src/stm32f1xx_it.o
                0x0000000008004440                TIM7_IRQHandler
 .text.SystemInit
                0x0000000008004464        0xc ./Core/Src/system_stm32f1xx.o
                0x0000000008004464                SystemInit
 .text.SystemCoreClockUpdate
                0x0000000008004470       0xe0 ./Core/Src/system_stm32f1xx.o
                0x0000000008004470                SystemCoreClockUpdate
 .text.LL_USART_IsActiveFlag_TXE
                0x0000000008004550       0x24 ./Core/Src/usart.o
 .text.LL_USART_EnableIT_TXE
                0x0000000008004574       0x1e ./Core/Src/usart.o
 .text.LL_USART_DisableIT_TXE
                0x0000000008004592       0x1e ./Core/Src/usart.o
 .text.LL_USART_TransmitData8
                0x00000000080045b0       0x1c ./Core/Src/usart.o
 .text.putCharInBufferUart2
                0x00000000080045cc       0x90 ./Core/Src/usart.o
                0x00000000080045cc                putCharInBufferUart2
 .text.putDataInBufferUart2
                0x000000000800465c       0x3e ./Core/Src/usart.o
                0x000000000800465c                putDataInBufferUart2
 *fill*         0x000000000800469a        0x2 
 .text.putCharDirectToUart2
                0x000000000800469c       0x34 ./Core/Src/usart.o
                0x000000000800469c                putCharDirectToUart2
 .text.getCharFromBufferUART2
                0x00000000080046d0       0x88 ./Core/Src/usart.o
                0x00000000080046d0                getCharFromBufferUART2
 .text.printToBufferUART1
                0x0000000008004758      0x118 ./Core/Src/usart.o
                0x0000000008004758                printToBufferUART1
 .text.printToBufferWithoutEndUART1
                0x0000000008004870       0xb0 ./Core/Src/usart.o
                0x0000000008004870                printToBufferWithoutEndUART1
 .text.printToBufferUART1D
                0x0000000008004920      0x1b8 ./Core/Src/usart.o
                0x0000000008004920                printToBufferUART1D
 .text.Reset_Handler
                0x0000000008004ad8       0x48 ./Core/Startup/startup_stm32f100rctx.o
                0x0000000008004ad8                Reset_Handler
 .text.Default_Handler
                0x0000000008004b20        0x2 ./Core/Startup/startup_stm32f100rctx.o
                0x0000000008004b20                RTC_Alarm_IRQHandler
                0x0000000008004b20                EXTI2_IRQHandler
                0x0000000008004b20                TIM1_CC_IRQHandler
                0x0000000008004b20                PVD_IRQHandler
                0x0000000008004b20                EXTI3_IRQHandler
                0x0000000008004b20                EXTI0_IRQHandler
                0x0000000008004b20                I2C2_EV_IRQHandler
                0x0000000008004b20                TIM1_UP_TIM16_IRQHandler
                0x0000000008004b20                SPI1_IRQHandler
                0x0000000008004b20                TAMPER_IRQHandler
                0x0000000008004b20                TIM6_DAC_IRQHandler
                0x0000000008004b20                DMA2_Channel2_IRQHandler
                0x0000000008004b20                DMA1_Channel4_IRQHandler
                0x0000000008004b20                ADC1_IRQHandler
                0x0000000008004b20                RTC_IRQHandler
                0x0000000008004b20                DMA1_Channel7_IRQHandler
                0x0000000008004b20                UART5_IRQHandler
                0x0000000008004b20                TIM4_IRQHandler
                0x0000000008004b20                DMA2_Channel1_IRQHandler
                0x0000000008004b20                I2C1_EV_IRQHandler
                0x0000000008004b20                DMA1_Channel6_IRQHandler
                0x0000000008004b20                UART4_IRQHandler
                0x0000000008004b20                TIM3_IRQHandler
                0x0000000008004b20                RCC_IRQHandler
                0x0000000008004b20                Default_Handler
                0x0000000008004b20                CEC_IRQHandler
                0x0000000008004b20                EXTI15_10_IRQHandler
                0x0000000008004b20                TIM14_IRQHandler
                0x0000000008004b20                TIM13_IRQHandler
                0x0000000008004b20                TIM12_IRQHandler
                0x0000000008004b20                TIM5_IRQHandler
                0x0000000008004b20                EXTI9_5_IRQHandler
                0x0000000008004b20                SPI2_IRQHandler
                0x0000000008004b20                DMA2_Channel5_IRQHandler
                0x0000000008004b20                DMA1_Channel5_IRQHandler
                0x0000000008004b20                EXTI4_IRQHandler
                0x0000000008004b20                TIM1_TRG_COM_TIM17_IRQHandler
                0x0000000008004b20                DMA1_Channel3_IRQHandler
                0x0000000008004b20                WWDG_IRQHandler
                0x0000000008004b20                TIM2_IRQHandler
                0x0000000008004b20                EXTI1_IRQHandler
                0x0000000008004b20                DMA2_Channel4_5_IRQHandler
                0x0000000008004b20                USART2_IRQHandler
                0x0000000008004b20                I2C2_ER_IRQHandler
                0x0000000008004b20                DMA1_Channel2_IRQHandler
                0x0000000008004b20                FLASH_IRQHandler
                0x0000000008004b20                SPI3_IRQHandler
                0x0000000008004b20                I2C1_ER_IRQHandler
                0x0000000008004b20                DMA2_Channel3_IRQHandler
                0x0000000008004b20                TIM1_BRK_TIM15_IRQHandler
 .text.LL_ADC_REG_SetSequencerLength
                0x0000000008004b22       0x24 ./Drivers/STM32F1xx_HAL_Driver/Src/stm32f1xx_ll_adc.o
 .text.LL_ADC_IsEnabled
                0x0000000008004b46       0x24 ./Drivers/STM32F1xx_HAL_Driver/Src/stm32f1xx_ll_adc.o
 .text.LL_ADC_Init
                0x0000000008004b6a       0x4e ./Drivers/STM32F1xx_HAL_Driver/Src/stm32f1xx_ll_adc.o
                0x0000000008004b6a                LL_ADC_Init
 .text.LL_ADC_REG_Init
                0x0000000008004bb8       0x8c ./Drivers/STM32F1xx_HAL_Driver/Src/stm32f1xx_ll_adc.o
                0x0000000008004bb8                LL_ADC_REG_Init
 .text.LL_GPIO_SetPinMode
                0x0000000008004c44       0x64 ./Drivers/STM32F1xx_HAL_Driver/Src/stm32f1xx_ll_gpio.o
 .text.LL_GPIO_SetPinSpeed
                0x0000000008004ca8       0x64 ./Drivers/STM32F1xx_HAL_Driver/Src/stm32f1xx_ll_gpio.o
 .text.LL_GPIO_SetPinOutputType
                0x0000000008004d0c       0x64 ./Drivers/STM32F1xx_HAL_Driver/Src/stm32f1xx_ll_gpio.o
 .text.LL_GPIO_SetPinPull
                0x0000000008004d70       0x44 ./Drivers/STM32F1xx_HAL_Driver/Src/stm32f1xx_ll_gpio.o
 .text.LL_GPIO_Init
                0x0000000008004db4       0xcc ./Drivers/STM32F1xx_HAL_Driver/Src/stm32f1xx_ll_gpio.o
                0x0000000008004db4                LL_GPIO_Init
 .text.LL_RCC_GetSysClkSource
                0x0000000008004e80       0x18 ./Drivers/STM32F1xx_HAL_Driver/Src/stm32f1xx_ll_rcc.o
 .text.LL_RCC_GetAHBPrescaler
                0x0000000008004e98       0x18 ./Drivers/STM32F1xx_HAL_Driver/Src/stm32f1xx_ll_rcc.o
 .text.LL_RCC_GetAPB1Prescaler
                0x0000000008004eb0       0x18 ./Drivers/STM32F1xx_HAL_Driver/Src/stm32f1xx_ll_rcc.o
 .text.LL_RCC_GetAPB2Prescaler
                0x0000000008004ec8       0x18 ./Drivers/STM32F1xx_HAL_Driver/Src/stm32f1xx_ll_rcc.o
 .text.LL_RCC_PLL_GetMainSource
                0x0000000008004ee0       0x18 ./Drivers/STM32F1xx_HAL_Driver/Src/stm32f1xx_ll_rcc.o
 .text.LL_RCC_PLL_GetMultiplicator
                0x0000000008004ef8       0x18 ./Drivers/STM32F1xx_HAL_Driver/Src/stm32f1xx_ll_rcc.o
 .text.LL_RCC_PLL_GetPrediv
                0x0000000008004f10       0x18 ./Drivers/STM32F1xx_HAL_Driver/Src/stm32f1xx_ll_rcc.o
 .text.LL_RCC_GetSystemClocksFreq
                0x0000000008004f28       0x4a ./Drivers/STM32F1xx_HAL_Driver/Src/stm32f1xx_ll_rcc.o
                0x0000000008004f28                LL_RCC_GetSystemClocksFreq
 *fill*         0x0000000008004f72        0x2 
 .text.RCC_GetSystemClockFreq
                0x0000000008004f74       0x4c ./Drivers/STM32F1xx_HAL_Driver/Src/stm32f1xx_ll_rcc.o
                0x0000000008004f74                RCC_GetSystemClockFreq
 .text.RCC_GetHCLKClockFreq
                0x0000000008004fc0       0x2c ./Drivers/STM32F1xx_HAL_Driver/Src/stm32f1xx_ll_rcc.o
                0x0000000008004fc0                RCC_GetHCLKClockFreq
 .text.RCC_GetPCLK1ClockFreq
                0x0000000008004fec       0x28 ./Drivers/STM32F1xx_HAL_Driver/Src/stm32f1xx_ll_rcc.o
                0x0000000008004fec                RCC_GetPCLK1ClockFreq
 .text.RCC_GetPCLK2ClockFreq
                0x0000000008005014       0x28 ./Drivers/STM32F1xx_HAL_Driver/Src/stm32f1xx_ll_rcc.o
                0x0000000008005014                RCC_GetPCLK2ClockFreq
 .text.RCC_PLL_GetFreqDomain_SYS
                0x000000000800503c       0x64 ./Drivers/STM32F1xx_HAL_Driver/Src/stm32f1xx_ll_rcc.o
                0x000000000800503c                RCC_PLL_GetFreqDomain_SYS
 .text.LL_TIM_SetPrescaler
                0x00000000080050a0       0x1a ./Drivers/STM32F1xx_HAL_Driver/Src/stm32f1xx_ll_tim.o
 .text.LL_TIM_SetAutoReload
                0x00000000080050ba       0x1a ./Drivers/STM32F1xx_HAL_Driver/Src/stm32f1xx_ll_tim.o
 .text.LL_TIM_SetRepetitionCounter
                0x00000000080050d4       0x1a ./Drivers/STM32F1xx_HAL_Driver/Src/stm32f1xx_ll_tim.o
 .text.LL_TIM_GenerateEvent_UPDATE
                0x00000000080050ee       0x1e ./Drivers/STM32F1xx_HAL_Driver/Src/stm32f1xx_ll_tim.o
 .text.LL_TIM_Init
                0x000000000800510c      0x130 ./Drivers/STM32F1xx_HAL_Driver/Src/stm32f1xx_ll_tim.o
                0x000000000800510c                LL_TIM_Init
 .text.LL_USART_IsEnabled
                0x000000000800523c       0x26 ./Drivers/STM32F1xx_HAL_Driver/Src/stm32f1xx_ll_usart.o
 .text.LL_USART_SetStopBitsLength
                0x0000000008005262       0x24 ./Drivers/STM32F1xx_HAL_Driver/Src/stm32f1xx_ll_usart.o
 .text.LL_USART_SetHWFlowCtrl
                0x0000000008005286       0x24 ./Drivers/STM32F1xx_HAL_Driver/Src/stm32f1xx_ll_usart.o
 *fill*         0x00000000080052aa        0x2 
 .text.LL_USART_SetBaudRate
                0x00000000080052ac      0x16c ./Drivers/STM32F1xx_HAL_Driver/Src/stm32f1xx_ll_usart.o
 .text.LL_USART_Init
                0x0000000008005418       0xec ./Drivers/STM32F1xx_HAL_Driver/Src/stm32f1xx_ll_usart.o
                0x0000000008005418                LL_USART_Init
 .text.LL_InitTick
                0x0000000008005504       0x34 ./Drivers/STM32F1xx_HAL_Driver/Src/stm32f1xx_ll_utils.o
 .text.LL_Init1msTick
                0x0000000008005538       0x1a ./Drivers/STM32F1xx_HAL_Driver/Src/stm32f1xx_ll_utils.o
                0x0000000008005538                LL_Init1msTick
 *fill*         0x0000000008005552        0x2 
 .text.LL_SetSystemCoreClock
                0x0000000008005554       0x1c ./Drivers/STM32F1xx_HAL_Driver/Src/stm32f1xx_ll_utils.o
                0x0000000008005554                LL_SetSystemCoreClock
 .text.__libc_init_array
                0x0000000008005570       0x48 c:/st/stm32cubeide_1.9.0/stm32cubeide/plugins/com.st.stm32cube.ide.mcu.externaltools.gnu-tools-for-stm32.10.3-2021.10.win32_1.0.0.202111181127/tools/bin/../lib/gcc/arm-none-eabi/10.3.1/../../../../arm-none-eabi/lib/thumb/v7-m/nofp\libc_nano.a(lib_a-init.o)
                0x0000000008005570                __libc_init_array
 .text.memcpy   0x00000000080055b8       0x1c c:/st/stm32cubeide_1.9.0/stm32cubeide/plugins/com.st.stm32cube.ide.mcu.externaltools.gnu-tools-for-stm32.10.3-2021.10.win32_1.0.0.202111181127/tools/bin/../lib/gcc/arm-none-eabi/10.3.1/../../../../arm-none-eabi/lib/thumb/v7-m/nofp\libc_nano.a(lib_a-memcpy-stub.o)
                0x00000000080055b8                memcpy
 *(.glue_7)
 .glue_7        0x00000000080055d4        0x0 linker stubs
 *(.glue_7t)
 .glue_7t       0x00000000080055d4        0x0 linker stubs
 *(.eh_frame)
 .eh_frame      0x00000000080055d4        0x0 c:/st/stm32cubeide_1.9.0/stm32cubeide/plugins/com.st.stm32cube.ide.mcu.externaltools.gnu-tools-for-stm32.10.3-2021.10.win32_1.0.0.202111181127/tools/bin/../lib/gcc/arm-none-eabi/10.3.1/thumb/v7-m/nofp/crtbegin.o
 *(.init)
 .init          0x00000000080055d4        0x4 c:/st/stm32cubeide_1.9.0/stm32cubeide/plugins/com.st.stm32cube.ide.mcu.externaltools.gnu-tools-for-stm32.10.3-2021.10.win32_1.0.0.202111181127/tools/bin/../lib/gcc/arm-none-eabi/10.3.1/thumb/v7-m/nofp/crti.o
                0x00000000080055d4                _init
 .init          0x00000000080055d8        0x8 c:/st/stm32cubeide_1.9.0/stm32cubeide/plugins/com.st.stm32cube.ide.mcu.externaltools.gnu-tools-for-stm32.10.3-2021.10.win32_1.0.0.202111181127/tools/bin/../lib/gcc/arm-none-eabi/10.3.1/thumb/v7-m/nofp/crtn.o
 *(.fini)
 .fini          0x00000000080055e0        0x4 c:/st/stm32cubeide_1.9.0/stm32cubeide/plugins/com.st.stm32cube.ide.mcu.externaltools.gnu-tools-for-stm32.10.3-2021.10.win32_1.0.0.202111181127/tools/bin/../lib/gcc/arm-none-eabi/10.3.1/thumb/v7-m/nofp/crti.o
                0x00000000080055e0                _fini
 .fini          0x00000000080055e4        0x8 c:/st/stm32cubeide_1.9.0/stm32cubeide/plugins/com.st.stm32cube.ide.mcu.externaltools.gnu-tools-for-stm32.10.3-2021.10.win32_1.0.0.202111181127/tools/bin/../lib/gcc/arm-none-eabi/10.3.1/thumb/v7-m/nofp/crtn.o
                0x00000000080055ec                . = ALIGN (0x4)
                0x00000000080055ec                _etext = .

.vfp11_veneer   0x00000000080055ec        0x0
 .vfp11_veneer  0x00000000080055ec        0x0 linker stubs

.v4_bx          0x00000000080055ec        0x0
 .v4_bx         0x00000000080055ec        0x0 linker stubs

.iplt           0x00000000080055ec        0x0
 .iplt          0x00000000080055ec        0x0 c:/st/stm32cubeide_1.9.0/stm32cubeide/plugins/com.st.stm32cube.ide.mcu.externaltools.gnu-tools-for-stm32.10.3-2021.10.win32_1.0.0.202111181127/tools/bin/../lib/gcc/arm-none-eabi/10.3.1/thumb/v7-m/nofp/crtbegin.o

.rodata         0x00000000080055ec      0xa80
                0x00000000080055ec                . = ALIGN (0x4)
 *(.rodata)
 .rodata        0x00000000080055ec      0x58c ./Core/Src/Eeprom.o
 .rodata        0x0000000008005b78      0x388 ./Core/Src/General.o
 .rodata        0x0000000008005f00      0x14b ./Core/Src/main.o
 *(.rodata*)
 *fill*         0x000000000800604b        0x1 
 .rodata.CHANNEL_OFFSET_TAB
                0x000000000800604c        0x7 ./Core/Src/main.o
 *fill*         0x0000000008006053        0x1 
 .rodata.AHBPrescTable
                0x0000000008006054       0x10 ./Core/Src/system_stm32f1xx.o
                0x0000000008006054                AHBPrescTable
 .rodata.APBPrescTable
                0x0000000008006064        0x8 ./Core/Src/system_stm32f1xx.o
                0x0000000008006064                APBPrescTable
                0x000000000800606c                . = ALIGN (0x4)

.rel.dyn        0x000000000800606c        0x0
 .rel.iplt      0x000000000800606c        0x0 c:/st/stm32cubeide_1.9.0/stm32cubeide/plugins/com.st.stm32cube.ide.mcu.externaltools.gnu-tools-for-stm32.10.3-2021.10.win32_1.0.0.202111181127/tools/bin/../lib/gcc/arm-none-eabi/10.3.1/thumb/v7-m/nofp/crtbegin.o

.ARM.extab      0x000000000800606c        0x0
                0x000000000800606c                . = ALIGN (0x4)
 *(.ARM.extab* .gnu.linkonce.armextab.*)
                0x000000000800606c                . = ALIGN (0x4)

.ARM            0x000000000800606c        0x0
                0x000000000800606c                . = ALIGN (0x4)
                0x000000000800606c                __exidx_start = .
 *(.ARM.exidx*)
                0x000000000800606c                __exidx_end = .
                0x000000000800606c                . = ALIGN (0x4)

.preinit_array  0x000000000800606c        0x0
                0x000000000800606c                . = ALIGN (0x4)
                0x000000000800606c                PROVIDE (__preinit_array_start = .)
 *(.preinit_array*)
                0x000000000800606c                PROVIDE (__preinit_array_end = .)
                0x000000000800606c                . = ALIGN (0x4)

.init_array     0x000000000800606c        0x4
                0x000000000800606c                . = ALIGN (0x4)
                0x000000000800606c                PROVIDE (__init_array_start = .)
 *(SORT_BY_NAME(.init_array.*))
 *(.init_array*)
 .init_array    0x000000000800606c        0x4 c:/st/stm32cubeide_1.9.0/stm32cubeide/plugins/com.st.stm32cube.ide.mcu.externaltools.gnu-tools-for-stm32.10.3-2021.10.win32_1.0.0.202111181127/tools/bin/../lib/gcc/arm-none-eabi/10.3.1/thumb/v7-m/nofp/crtbegin.o
                0x0000000008006070                PROVIDE (__init_array_end = .)
                0x0000000008006070                . = ALIGN (0x4)

.fini_array     0x0000000008006070        0x4
                0x0000000008006070                . = ALIGN (0x4)
                [!provide]                        PROVIDE (__fini_array_start = .)
 *(SORT_BY_NAME(.fini_array.*))
 *(.fini_array*)
 .fini_array    0x0000000008006070        0x4 c:/st/stm32cubeide_1.9.0/stm32cubeide/plugins/com.st.stm32cube.ide.mcu.externaltools.gnu-tools-for-stm32.10.3-2021.10.win32_1.0.0.202111181127/tools/bin/../lib/gcc/arm-none-eabi/10.3.1/thumb/v7-m/nofp/crtbegin.o
                [!provide]                        PROVIDE (__fini_array_end = .)
                0x0000000008006074                . = ALIGN (0x4)
                0x0000000008006074                _sidata = LOADADDR (.data)

.data           0x0000000020000000      0x240 load address 0x0000000008006074
                0x0000000020000000                . = ALIGN (0x4)
                0x0000000020000000                _sdata = .
 *(.data)
 *(.data*)
 .data.EEpromReadStatus
                0x0000000020000000        0x1 ./Core/Src/Eeprom.o
 *fill*         0x0000000020000001        0x3 
 .data.CalibrationData
                0x0000000020000004       0x50 ./Core/Src/General.o
                0x0000000020000004                CalibrationData
 .data.CalibrationDataForVerify
                0x0000000020000054       0x50 ./Core/Src/General.o
                0x0000000020000054                CalibrationDataForVerify
 .data.CalibrationDataFactory
                0x00000000200000a4       0x50 ./Core/Src/General.o
                0x00000000200000a4                CalibrationDataFactory
 .data.SettingsData
                0x00000000200000f4       0x48 ./Core/Src/General.o
                0x00000000200000f4                SettingsData
 .data.SettingsDataForVerify
                0x000000002000013c       0x48 ./Core/Src/General.o
                0x000000002000013c                SettingsDataForVerify
 .data.SettingsDataFactory
                0x0000000020000184       0x48 ./Core/Src/General.o
                0x0000000020000184                SettingsDataFactory
 .data.SaveDataWhenPowerOff
                0x00000000200001cc       0x20 ./Core/Src/General.o
                0x00000000200001cc                SaveDataWhenPowerOff
 .data.SaveDataWhenPowerOffForVerify
                0x00000000200001ec       0x20 ./Core/Src/General.o
                0x00000000200001ec                SaveDataWhenPowerOffForVerify
 .data.SaveDataWhenPowerOffFactory
                0x000000002000020c       0x20 ./Core/Src/General.o
                0x000000002000020c                SaveDataWhenPowerOffFactory
 .data.Version  0x000000002000022c       0x10 ./Core/Src/main.o
                0x000000002000022c                Version
 .data.SystemCoreClock
                0x000000002000023c        0x4 ./Core/Src/system_stm32f1xx.o
                0x000000002000023c                SystemCoreClock
 *(.RamFunc)
 *(.RamFunc*)
                0x0000000020000240                . = ALIGN (0x4)
                0x0000000020000240                _edata = .

.igot.plt       0x0000000020000240        0x0 load address 0x00000000080062b4
 .igot.plt      0x0000000020000240        0x0 c:/st/stm32cubeide_1.9.0/stm32cubeide/plugins/com.st.stm32cube.ide.mcu.externaltools.gnu-tools-for-stm32.10.3-2021.10.win32_1.0.0.202111181127/tools/bin/../lib/gcc/arm-none-eabi/10.3.1/thumb/v7-m/nofp/crtbegin.o
                0x0000000020000240                . = ALIGN (0x4)

.bss            0x0000000020000240      0xd8c load address 0x00000000080062b4
                0x0000000020000240                _sbss = .
                0x0000000020000240                __bss_start__ = _sbss
 *(.bss)
 .bss           0x0000000020000240       0x1c c:/st/stm32cubeide_1.9.0/stm32cubeide/plugins/com.st.stm32cube.ide.mcu.externaltools.gnu-tools-for-stm32.10.3-2021.10.win32_1.0.0.202111181127/tools/bin/../lib/gcc/arm-none-eabi/10.3.1/thumb/v7-m/nofp/crtbegin.o
 *(.bss*)
 .bss.Count100mSecond
                0x000000002000025c        0x2 ./Core/Src/General.o
                0x000000002000025c                Count100mSecond
 .bss.Count10mSecond
                0x000000002000025e        0x2 ./Core/Src/General.o
                0x000000002000025e                Count10mSecond
 .bss.Count5mSecond
                0x0000000020000260        0x2 ./Core/Src/General.o
                0x0000000020000260                Count5mSecond
 .bss.Count1000mSecond
                0x0000000020000262        0x2 ./Core/Src/General.o
                0x0000000020000262                Count1000mSecond
 .bss.vard2     0x0000000020000264        0x4 ./Core/Src/General.o
                0x0000000020000264                vard2
 .bss.bufferUart1
                0x0000000020000268      0x45c ./Core/Src/General.o
                0x0000000020000268                bufferUart1
 .bss.bufferUart2
                0x00000000200006c4      0x45c ./Core/Src/General.o
                0x00000000200006c4                bufferUart2
 .bss.OverChargeStatus
                0x0000000020000b20        0x1 ./Core/Src/General.o
                0x0000000020000b20                OverChargeStatus
 .bss.OverDisChargeStatus
                0x0000000020000b21        0x1 ./Core/Src/General.o
                0x0000000020000b21                OverDisChargeStatus
 .bss.CurrentShortStatus
                0x0000000020000b22        0x1 ./Core/Src/General.o
                0x0000000020000b22                CurrentShortStatus
 *fill*         0x0000000020000b23        0x1 
 .bss.EEpromSaveStatus
                0x0000000020000b24        0x2 ./Core/Src/General.o
                0x0000000020000b24                EEpromSaveStatus
 *fill*         0x0000000020000b26        0x2 
 .bss.ParsingData
                0x0000000020000b28        0x8 ./Core/Src/General.o
                0x0000000020000b28                ParsingData
 .bss.s1.18     0x0000000020000b30       0x10 ./Core/Src/Lib.o
 .bss.s1.17     0x0000000020000b40       0x11 ./Core/Src/Lib.o
 *fill*         0x0000000020000b51        0x3 
 .bss.filteredlValueI1.9
                0x0000000020000b54        0x4 ./Core/Src/Lib.o
 .bss.filteredlValueI2.8
                0x0000000020000b58        0x4 ./Core/Src/Lib.o
 .bss.filteredlValueU1.7
                0x0000000020000b5c        0x4 ./Core/Src/Lib.o
 .bss.filteredlValueU2.6
                0x0000000020000b60        0x4 ./Core/Src/Lib.o
 .bss.filteredlValueU3.5
                0x0000000020000b64        0x4 ./Core/Src/Lib.o
 .bss.filteredlValueU4.4
                0x0000000020000b68        0x4 ./Core/Src/Lib.o
 .bss.filteredlValueU5.3
                0x0000000020000b6c        0x4 ./Core/Src/Lib.o
 .bss.filteredlValueU6.2
                0x0000000020000b70        0x4 ./Core/Src/Lib.o
 .bss.filteredlValueU7.1
                0x0000000020000b74        0x4 ./Core/Src/Lib.o
 .bss.filteredlValueU8.0
                0x0000000020000b78        0x4 ./Core/Src/Lib.o
 .bss.time_sec  0x0000000020000b7c        0x4 ./Core/Src/main.o
                0x0000000020000b7c                time_sec
 .bss.Timer_Sec
                0x0000000020000b80        0x4 ./Core/Src/main.o
                0x0000000020000b80                Timer_Sec
 .bss.TimerForReadyMeasurement_ms
                0x0000000020000b84        0x4 ./Core/Src/main.o
                0x0000000020000b84                TimerForReadyMeasurement_ms
 .bss.Status_Timer_Sec
                0x0000000020000b88        0x1 ./Core/Src/main.o
                0x0000000020000b88                Status_Timer_Sec
 *fill*         0x0000000020000b89        0x3 
 .bss.ChargeTimeSec
                0x0000000020000b8c        0x4 ./Core/Src/main.o
                0x0000000020000b8c                ChargeTimeSec
 .bss.DischargeTimeSec
                0x0000000020000b90        0x4 ./Core/Src/main.o
                0x0000000020000b90                DischargeTimeSec
 .bss.PowerOffTimesec
                0x0000000020000b94        0x4 ./Core/Src/main.o
                0x0000000020000b94                PowerOffTimesec
 .bss.BatteryCapacityDischargeCurrent
                0x0000000020000b98        0x4 ./Core/Src/main.o
                0x0000000020000b98                BatteryCapacityDischargeCurrent
 .bss.BatteryCapacityDischargeCurrentAfterPOwerUp
                0x0000000020000b9c        0x4 ./Core/Src/main.o
                0x0000000020000b9c                BatteryCapacityDischargeCurrentAfterPOwerUp
 .bss.BatteryCapacityCharge
                0x0000000020000ba0        0x4 ./Core/Src/main.o
                0x0000000020000ba0                BatteryCapacityCharge
 .bss.SumI1     0x0000000020000ba4        0x4 ./Core/Src/main.o
                0x0000000020000ba4                SumI1
 .bss.SumI2     0x0000000020000ba8        0x4 ./Core/Src/main.o
                0x0000000020000ba8                SumI2
 .bss.SumU1     0x0000000020000bac        0x4 ./Core/Src/main.o
                0x0000000020000bac                SumU1
 .bss.SumU2     0x0000000020000bb0        0x4 ./Core/Src/main.o
                0x0000000020000bb0                SumU2
 .bss.SumU3     0x0000000020000bb4        0x4 ./Core/Src/main.o
                0x0000000020000bb4                SumU3
 .bss.SumU4     0x0000000020000bb8        0x4 ./Core/Src/main.o
                0x0000000020000bb8                SumU4
 .bss.SumU5     0x0000000020000bbc        0x4 ./Core/Src/main.o
                0x0000000020000bbc                SumU5
 .bss.SumU6     0x0000000020000bc0        0x4 ./Core/Src/main.o
                0x0000000020000bc0                SumU6
 .bss.SumU7     0x0000000020000bc4        0x4 ./Core/Src/main.o
                0x0000000020000bc4                SumU7
 .bss.SumU8     0x0000000020000bc8        0x4 ./Core/Src/main.o
                0x0000000020000bc8                SumU8
 .bss.SumI1Counter
                0x0000000020000bcc        0x2 ./Core/Src/main.o
                0x0000000020000bcc                SumI1Counter
 .bss.SumI2Counter
                0x0000000020000bce        0x2 ./Core/Src/main.o
                0x0000000020000bce                SumI2Counter
 .bss.SumU1Counter
                0x0000000020000bd0        0x2 ./Core/Src/main.o
                0x0000000020000bd0                SumU1Counter
 .bss.SumU2Counter
                0x0000000020000bd2        0x2 ./Core/Src/main.o
                0x0000000020000bd2                SumU2Counter
 .bss.SumU3Counter
                0x0000000020000bd4        0x2 ./Core/Src/main.o
                0x0000000020000bd4                SumU3Counter
 .bss.SumU4Counter
                0x0000000020000bd6        0x2 ./Core/Src/main.o
                0x0000000020000bd6                SumU4Counter
 .bss.SumU5Counter
                0x0000000020000bd8        0x2 ./Core/Src/main.o
                0x0000000020000bd8                SumU5Counter
 .bss.SumU6Counter
                0x0000000020000bda        0x2 ./Core/Src/main.o
                0x0000000020000bda                SumU6Counter
 .bss.SumU7Counter
                0x0000000020000bdc        0x2 ./Core/Src/main.o
                0x0000000020000bdc                SumU7Counter
 .bss.SumU8Counter
                0x0000000020000bde        0x2 ./Core/Src/main.o
                0x0000000020000bde                SumU8Counter
 .bss.ChargeStatusForTimer
                0x0000000020000be0        0x1 ./Core/Src/main.o
                0x0000000020000be0                ChargeStatusForTimer
 .bss.DisChargeStatusForTimer
                0x0000000020000be1        0x1 ./Core/Src/main.o
                0x0000000020000be1                DisChargeStatusForTimer
 .bss.pressedKey
                0x0000000020000be2        0x1 ./Core/Src/main.o
                0x0000000020000be2                pressedKey
 *fill*         0x0000000020000be3        0x1 
 .bss.FlashVoltage
                0x0000000020000be4        0x4 ./Core/Src/main.o
                0x0000000020000be4                FlashVoltage
 .bss.comp      0x0000000020000be8        0x2 ./Core/Src/main.o
                0x0000000020000be8                comp
 *(COMMON)
 *fill*         0x0000000020000bea        0x2 
 COMMON         0x0000000020000bec      0x318 ./Core/Src/Eeprom.o
                0x0000000020000bec                Temp_R_A_B
                0x0000000020000c4c                Current
                0x0000000020000c50                CellsDatabase
                0x0000000020000d30                Battery
                0x0000000020000d44                RegularConvData
                0x0000000020000d64                U_Controller
                0x0000000020000d68                LoggingData
 COMMON         0x0000000020000f04       0xc6 ./Core/Src/main.o
                0x0000000020000f04                RequestFromClientToSrv
                0x0000000020000f28                Master
                0x0000000020000f4c                SelectedOptionValue1
                0x0000000020000f50                Voltage10Percent
                0x0000000020000f54                Slave
                0x0000000020000f78                AnswerFromSrvToClient
                0x0000000020000fbc                ChargeDurationSec
                0x0000000020000fc0                step
                0x0000000020000fc4                SelectedOptionValue
                0x0000000020000fc8                Voltage95Percent
                0x0000000020000fcc                . = ALIGN (0x4)
 *fill*         0x0000000020000fca        0x2 
                0x0000000020000fcc                _ebss = .
                0x0000000020000fcc                __bss_end__ = _ebss

._user_heap_stack
                0x0000000020000fcc      0x604 load address 0x00000000080062b4
                0x0000000020000fd0                . = ALIGN (0x8)
 *fill*         0x0000000020000fcc        0x4 
                [!provide]                        PROVIDE (end = .)
                0x0000000020000fd0                PROVIDE (_end = .)
                0x00000000200011d0                . = (. + _Min_Heap_Size)
 *fill*         0x0000000020000fd0      0x200 
                0x00000000200015d0                . = (. + _Min_Stack_Size)
 *fill*         0x00000000200011d0      0x400 
                0x00000000200015d0                . = ALIGN (0x8)

/DISCARD/
 libc.a(*)
 libm.a(*)
 libgcc.a(*)

.ARM.attributes
                0x0000000000000000       0x29
 *(.ARM.attributes)
 .ARM.attributes
                0x0000000000000000       0x1d c:/st/stm32cubeide_1.9.0/stm32cubeide/plugins/com.st.stm32cube.ide.mcu.externaltools.gnu-tools-for-stm32.10.3-2021.10.win32_1.0.0.202111181127/tools/bin/../lib/gcc/arm-none-eabi/10.3.1/thumb/v7-m/nofp/crti.o
 .ARM.attributes
                0x000000000000001d       0x2d c:/st/stm32cubeide_1.9.0/stm32cubeide/plugins/com.st.stm32cube.ide.mcu.externaltools.gnu-tools-for-stm32.10.3-2021.10.win32_1.0.0.202111181127/tools/bin/../lib/gcc/arm-none-eabi/10.3.1/thumb/v7-m/nofp/crtbegin.o
 .ARM.attributes
                0x000000000000004a       0x2d ./Core/Src/Eeprom.o
 .ARM.attributes
                0x0000000000000077       0x2d ./Core/Src/General.o
 .ARM.attributes
                0x00000000000000a4       0x2d ./Core/Src/Lib.o
 .ARM.attributes
                0x00000000000000d1       0x2d ./Core/Src/main.o
 .ARM.attributes
                0x00000000000000fe       0x2d ./Core/Src/stm32f1xx_it.o
 .ARM.attributes
                0x000000000000012b       0x2d ./Core/Src/system_stm32f1xx.o
 .ARM.attributes
                0x0000000000000158       0x2d ./Core/Src/usart.o
 .ARM.attributes
                0x0000000000000185       0x21 ./Core/Startup/startup_stm32f100rctx.o
 .ARM.attributes
                0x00000000000001a6       0x2d ./Drivers/STM32F1xx_HAL_Driver/Src/stm32f1xx_ll_adc.o
 .ARM.attributes
                0x00000000000001d3       0x2d ./Drivers/STM32F1xx_HAL_Driver/Src/stm32f1xx_ll_gpio.o
 .ARM.attributes
                0x0000000000000200       0x2d ./Drivers/STM32F1xx_HAL_Driver/Src/stm32f1xx_ll_rcc.o
 .ARM.attributes
                0x000000000000022d       0x2d ./Drivers/STM32F1xx_HAL_Driver/Src/stm32f1xx_ll_tim.o
 .ARM.attributes
                0x000000000000025a       0x2d ./Drivers/STM32F1xx_HAL_Driver/Src/stm32f1xx_ll_usart.o
 .ARM.attributes
                0x0000000000000287       0x2d ./Drivers/STM32F1xx_HAL_Driver/Src/stm32f1xx_ll_utils.o
 .ARM.attributes
                0x00000000000002b4       0x2d c:/st/stm32cubeide_1.9.0/stm32cubeide/plugins/com.st.stm32cube.ide.mcu.externaltools.gnu-tools-for-stm32.10.3-2021.10.win32_1.0.0.202111181127/tools/bin/../lib/gcc/arm-none-eabi/10.3.1/../../../../arm-none-eabi/lib/thumb/v7-m/nofp\libc_nano.a(lib_a-init.o)
 .ARM.attributes
                0x00000000000002e1       0x2d c:/st/stm32cubeide_1.9.0/stm32cubeide/plugins/com.st.stm32cube.ide.mcu.externaltools.gnu-tools-for-stm32.10.3-2021.10.win32_1.0.0.202111181127/tools/bin/../lib/gcc/arm-none-eabi/10.3.1/../../../../arm-none-eabi/lib/thumb/v7-m/nofp\libc_nano.a(lib_a-memcpy-stub.o)
 .ARM.attributes
                0x000000000000030e       0x1d c:/st/stm32cubeide_1.9.0/stm32cubeide/plugins/com.st.stm32cube.ide.mcu.externaltools.gnu-tools-for-stm32.10.3-2021.10.win32_1.0.0.202111181127/tools/bin/../lib/gcc/arm-none-eabi/10.3.1/thumb/v7-m/nofp/crtn.o
OUTPUT(SBMS_8c_Master.elf elf32-littlearm)
LOAD linker stubs
LOAD c:/st/stm32cubeide_1.9.0/stm32cubeide/plugins/com.st.stm32cube.ide.mcu.externaltools.gnu-tools-for-stm32.10.3-2021.10.win32_1.0.0.202111181127/tools/bin/../lib/gcc/arm-none-eabi/10.3.1/../../../../arm-none-eabi/lib/thumb/v7-m/nofp\libc.a
LOAD c:/st/stm32cubeide_1.9.0/stm32cubeide/plugins/com.st.stm32cube.ide.mcu.externaltools.gnu-tools-for-stm32.10.3-2021.10.win32_1.0.0.202111181127/tools/bin/../lib/gcc/arm-none-eabi/10.3.1/../../../../arm-none-eabi/lib/thumb/v7-m/nofp\libm.a
LOAD c:/st/stm32cubeide_1.9.0/stm32cubeide/plugins/com.st.stm32cube.ide.mcu.externaltools.gnu-tools-for-stm32.10.3-2021.10.win32_1.0.0.202111181127/tools/bin/../lib/gcc/arm-none-eabi/10.3.1/thumb/v7-m/nofp\libgcc.a

.debug_info     0x0000000000000000     0xa471
 .debug_info    0x0000000000000000      0xfec ./Core/Src/Eeprom.o
 .debug_info    0x0000000000000fec      0xd15 ./Core/Src/General.o
 .debug_info    0x0000000000001d01      0xbf5 ./Core/Src/Lib.o
 .debug_info    0x00000000000028f6     0x2dde ./Core/Src/main.o
 .debug_info    0x00000000000056d4      0xd76 ./Core/Src/stm32f1xx_it.o
 .debug_info    0x000000000000644a      0x246 ./Core/Src/system_stm32f1xx.o
 .debug_info    0x0000000000006690      0xf08 ./Core/Src/usart.o
 .debug_info    0x0000000000007598       0x22 ./Core/Startup/startup_stm32f100rctx.o
 .debug_info    0x00000000000075ba      0x7d2 ./Drivers/STM32F1xx_HAL_Driver/Src/stm32f1xx_ll_adc.o
 .debug_info    0x0000000000007d8c      0x614 ./Drivers/STM32F1xx_HAL_Driver/Src/stm32f1xx_ll_gpio.o
 .debug_info    0x00000000000083a0      0x552 ./Drivers/STM32F1xx_HAL_Driver/Src/stm32f1xx_ll_rcc.o
 .debug_info    0x00000000000088f2      0xe7b ./Drivers/STM32F1xx_HAL_Driver/Src/stm32f1xx_ll_tim.o
 .debug_info    0x000000000000976d      0x626 ./Drivers/STM32F1xx_HAL_Driver/Src/stm32f1xx_ll_usart.o
 .debug_info    0x0000000000009d93      0x6de ./Drivers/STM32F1xx_HAL_Driver/Src/stm32f1xx_ll_utils.o

.debug_abbrev   0x0000000000000000     0x1ec2
 .debug_abbrev  0x0000000000000000      0x310 ./Core/Src/Eeprom.o
 .debug_abbrev  0x0000000000000310      0x330 ./Core/Src/General.o
 .debug_abbrev  0x0000000000000640      0x162 ./Core/Src/Lib.o
 .debug_abbrev  0x00000000000007a2      0x545 ./Core/Src/main.o
 .debug_abbrev  0x0000000000000ce7      0x23b ./Core/Src/stm32f1xx_it.o
 .debug_abbrev  0x0000000000000f22      0x116 ./Core/Src/system_stm32f1xx.o
 .debug_abbrev  0x0000000000001038      0x2af ./Core/Src/usart.o
 .debug_abbrev  0x00000000000012e7       0x12 ./Core/Startup/startup_stm32f100rctx.o
 .debug_abbrev  0x00000000000012f9      0x195 ./Drivers/STM32F1xx_HAL_Driver/Src/stm32f1xx_ll_adc.o
 .debug_abbrev  0x000000000000148e      0x1fa ./Drivers/STM32F1xx_HAL_Driver/Src/stm32f1xx_ll_gpio.o
 .debug_abbrev  0x0000000000001688      0x239 ./Drivers/STM32F1xx_HAL_Driver/Src/stm32f1xx_ll_rcc.o
 .debug_abbrev  0x00000000000018c1      0x205 ./Drivers/STM32F1xx_HAL_Driver/Src/stm32f1xx_ll_tim.o
 .debug_abbrev  0x0000000000001ac6      0x1b4 ./Drivers/STM32F1xx_HAL_Driver/Src/stm32f1xx_ll_usart.o
 .debug_abbrev  0x0000000000001c7a      0x248 ./Drivers/STM32F1xx_HAL_Driver/Src/stm32f1xx_ll_utils.o

.debug_aranges  0x0000000000000000      0xaf8
 .debug_aranges
                0x0000000000000000       0xe8 ./Core/Src/Eeprom.o
 .debug_aranges
                0x00000000000000e8       0x60 ./Core/Src/General.o
 .debug_aranges
                0x0000000000000148      0x100 ./Core/Src/Lib.o
 .debug_aranges
                0x0000000000000248      0x298 ./Core/Src/main.o
 .debug_aranges
                0x00000000000004e0       0x98 ./Core/Src/stm32f1xx_it.o
 .debug_aranges
                0x0000000000000578       0x28 ./Core/Src/system_stm32f1xx.o
 .debug_aranges
                0x00000000000005a0       0xd8 ./Core/Src/usart.o
 .debug_aranges
                0x0000000000000678       0x28 ./Core/Startup/startup_stm32f100rctx.o
 .debug_aranges
                0x00000000000006a0       0xa8 ./Drivers/STM32F1xx_HAL_Driver/Src/stm32f1xx_ll_adc.o
 .debug_aranges
                0x0000000000000748       0x60 ./Drivers/STM32F1xx_HAL_Driver/Src/stm32f1xx_ll_gpio.o
 .debug_aranges
                0x00000000000007a8       0xc8 ./Drivers/STM32F1xx_HAL_Driver/Src/stm32f1xx_ll_rcc.o
 .debug_aranges
                0x0000000000000870      0x128 ./Drivers/STM32F1xx_HAL_Driver/Src/stm32f1xx_ll_tim.o
 .debug_aranges
                0x0000000000000998       0x88 ./Drivers/STM32F1xx_HAL_Driver/Src/stm32f1xx_ll_usart.o
 .debug_aranges
                0x0000000000000a20       0xd8 ./Drivers/STM32F1xx_HAL_Driver/Src/stm32f1xx_ll_utils.o

.debug_ranges   0x0000000000000000      0xa20
 .debug_ranges  0x0000000000000000       0xd8 ./Core/Src/Eeprom.o
 .debug_ranges  0x00000000000000d8       0x50 ./Core/Src/General.o
 .debug_ranges  0x0000000000000128       0xf0 ./Core/Src/Lib.o
 .debug_ranges  0x0000000000000218      0x288 ./Core/Src/main.o
 .debug_ranges  0x00000000000004a0       0x88 ./Core/Src/stm32f1xx_it.o
 .debug_ranges  0x0000000000000528       0x18 ./Core/Src/system_stm32f1xx.o
 .debug_ranges  0x0000000000000540       0xc8 ./Core/Src/usart.o
 .debug_ranges  0x0000000000000608       0x20 ./Core/Startup/startup_stm32f100rctx.o
 .debug_ranges  0x0000000000000628       0x98 ./Drivers/STM32F1xx_HAL_Driver/Src/stm32f1xx_ll_adc.o
 .debug_ranges  0x00000000000006c0       0x50 ./Drivers/STM32F1xx_HAL_Driver/Src/stm32f1xx_ll_gpio.o
 .debug_ranges  0x0000000000000710       0xb8 ./Drivers/STM32F1xx_HAL_Driver/Src/stm32f1xx_ll_rcc.o
 .debug_ranges  0x00000000000007c8      0x118 ./Drivers/STM32F1xx_HAL_Driver/Src/stm32f1xx_ll_tim.o
 .debug_ranges  0x00000000000008e0       0x78 ./Drivers/STM32F1xx_HAL_Driver/Src/stm32f1xx_ll_usart.o
 .debug_ranges  0x0000000000000958       0xc8 ./Drivers/STM32F1xx_HAL_Driver/Src/stm32f1xx_ll_utils.o

.debug_macro    0x0000000000000000     0xd64a
 .debug_macro   0x0000000000000000      0x165 ./Core/Src/Eeprom.o
 .debug_macro   0x0000000000000165      0xa96 ./Core/Src/Eeprom.o
 .debug_macro   0x0000000000000bfb       0x2e ./Core/Src/Eeprom.o
 .debug_macro   0x0000000000000c29       0x22 ./Core/Src/Eeprom.o
 .debug_macro   0x0000000000000c4b       0x22 ./Core/Src/Eeprom.o
 .debug_macro   0x0000000000000c6d       0x8e ./Core/Src/Eeprom.o
 .debug_macro   0x0000000000000cfb       0x51 ./Core/Src/Eeprom.o
 .debug_macro   0x0000000000000d4c      0x103 ./Core/Src/Eeprom.o
 .debug_macro   0x0000000000000e4f       0x6a ./Core/Src/Eeprom.o
 .debug_macro   0x0000000000000eb9      0x1df ./Core/Src/Eeprom.o
 .debug_macro   0x0000000000001098       0x1c ./Core/Src/Eeprom.o
 .debug_macro   0x00000000000010b4       0x22 ./Core/Src/Eeprom.o
 .debug_macro   0x00000000000010d6       0xbd ./Core/Src/Eeprom.o
 .debug_macro   0x0000000000001193      0xd23 ./Core/Src/Eeprom.o
 .debug_macro   0x0000000000001eb6     0x8057 ./Core/Src/Eeprom.o
 .debug_macro   0x0000000000009f0d       0x6d ./Core/Src/Eeprom.o
 .debug_macro   0x0000000000009f7a      0x36d ./Core/Src/Eeprom.o
 .debug_macro   0x000000000000a2e7      0x13d ./Core/Src/Eeprom.o
 .debug_macro   0x000000000000a424       0x92 ./Core/Src/Eeprom.o
 .debug_macro   0x000000000000a4b6       0xca ./Core/Src/Eeprom.o
 .debug_macro   0x000000000000a580       0x28 ./Core/Src/Eeprom.o
 .debug_macro   0x000000000000a5a8       0x2a ./Core/Src/Eeprom.o
 .debug_macro   0x000000000000a5d2       0x90 ./Core/Src/Eeprom.o
 .debug_macro   0x000000000000a662      0x287 ./Core/Src/Eeprom.o
 .debug_macro   0x000000000000a8e9      0x1bb ./Core/Src/Eeprom.o
 .debug_macro   0x000000000000aaa4      0x22a ./Core/Src/Eeprom.o
 .debug_macro   0x000000000000acce       0x46 ./Core/Src/Eeprom.o
 .debug_macro   0x000000000000ad14       0x33 ./Core/Src/Eeprom.o
 .debug_macro   0x000000000000ad47      0x167 ./Core/Src/General.o
 .debug_macro   0x000000000000aeae      0x367 ./Core/Src/General.o
 .debug_macro   0x000000000000b215       0xc5 ./Core/Src/Lib.o
 .debug_macro   0x000000000000b2da      0x24d ./Core/Src/main.o
 .debug_macro   0x000000000000b527      0x80f ./Core/Src/main.o
 .debug_macro   0x000000000000bd36      0x57a ./Core/Src/main.o
 .debug_macro   0x000000000000c2b0       0x22 ./Core/Src/main.o
 .debug_macro   0x000000000000c2d2      0x180 ./Core/Src/stm32f1xx_it.o
 .debug_macro   0x000000000000c452       0xbb ./Core/Src/system_stm32f1xx.o
 .debug_macro   0x000000000000c50d      0x15f ./Core/Src/usart.o
 .debug_macro   0x000000000000c66c      0x127 ./Drivers/STM32F1xx_HAL_Driver/Src/stm32f1xx_ll_adc.o
 .debug_macro   0x000000000000c793       0xf7 ./Drivers/STM32F1xx_HAL_Driver/Src/stm32f1xx_ll_gpio.o
 .debug_macro   0x000000000000c88a      0x224 ./Drivers/STM32F1xx_HAL_Driver/Src/stm32f1xx_ll_gpio.o
 .debug_macro   0x000000000000caae       0xd6 ./Drivers/STM32F1xx_HAL_Driver/Src/stm32f1xx_ll_rcc.o
 .debug_macro   0x000000000000cb84      0x146 ./Drivers/STM32F1xx_HAL_Driver/Src/stm32f1xx_ll_tim.o
 .debug_macro   0x000000000000ccca      0x574 ./Drivers/STM32F1xx_HAL_Driver/Src/stm32f1xx_ll_tim.o
 .debug_macro   0x000000000000d23e      0x12a ./Drivers/STM32F1xx_HAL_Driver/Src/stm32f1xx_ll_usart.o
 .debug_macro   0x000000000000d368      0x1b5 ./Drivers/STM32F1xx_HAL_Driver/Src/stm32f1xx_ll_usart.o
 .debug_macro   0x000000000000d51d      0x12d ./Drivers/STM32F1xx_HAL_Driver/Src/stm32f1xx_ll_utils.o

.debug_line     0x0000000000000000     0x89df
 .debug_line    0x0000000000000000      0xc65 ./Core/Src/Eeprom.o
 .debug_line    0x0000000000000c65      0xc4b ./Core/Src/General.o
 .debug_line    0x00000000000018b0      0xe69 ./Core/Src/Lib.o
 .debug_line    0x0000000000002719     0x19d4 ./Core/Src/main.o
 .debug_line    0x00000000000040ed      0x8ba ./Core/Src/stm32f1xx_it.o
 .debug_line    0x00000000000049a7      0x4c6 ./Core/Src/system_stm32f1xx.o
 .debug_line    0x0000000000004e6d      0xba9 ./Core/Src/usart.o
 .debug_line    0x0000000000005a16       0x87 ./Core/Startup/startup_stm32f100rctx.o
 .debug_line    0x0000000000005a9d      0x6fd ./Drivers/STM32F1xx_HAL_Driver/Src/stm32f1xx_ll_adc.o
 .debug_line    0x000000000000619a      0x6e5 ./Drivers/STM32F1xx_HAL_Driver/Src/stm32f1xx_ll_gpio.o
 .debug_line    0x000000000000687f      0x78a ./Drivers/STM32F1xx_HAL_Driver/Src/stm32f1xx_ll_rcc.o
 .debug_line    0x0000000000007009      0xaf3 ./Drivers/STM32F1xx_HAL_Driver/Src/stm32f1xx_ll_tim.o
 .debug_line    0x0000000000007afc      0x6c6 ./Drivers/STM32F1xx_HAL_Driver/Src/stm32f1xx_ll_usart.o
 .debug_line    0x00000000000081c2      0x81d ./Drivers/STM32F1xx_HAL_Driver/Src/stm32f1xx_ll_utils.o

.debug_str      0x0000000000000000    0x4c3e3
 .debug_str     0x0000000000000000    0x3e1c6 ./Core/Src/Eeprom.o
                                      0x3e480 (size before relaxing)
 .debug_str     0x000000000003e1c6      0x151 ./Core/Src/General.o
                                      0x3e1ec (size before relaxing)
 .debug_str     0x000000000003e317      0x2fa ./Core/Src/Lib.o
                                      0x3753e (size before relaxing)
 .debug_str     0x000000000003e611     0x9a45 ./Core/Src/main.o
                                      0x47de5 (size before relaxing)
 .debug_str     0x0000000000048056      0x158 ./Core/Src/stm32f1xx_it.o
                                      0x4673e (size before relaxing)
 .debug_str     0x00000000000481ae       0x66 ./Core/Src/system_stm32f1xx.o
                                      0x372cd (size before relaxing)
 .debug_str     0x0000000000048214      0x196 ./Core/Src/usart.o
                                      0x3e29b (size before relaxing)
 .debug_str     0x00000000000483aa       0x36 ./Core/Startup/startup_stm32f100rctx.o
                                         0x62 (size before relaxing)
 .debug_str     0x00000000000483e0     0x12f5 ./Drivers/STM32F1xx_HAL_Driver/Src/stm32f1xx_ll_adc.o
                                      0x3e594 (size before relaxing)
 .debug_str     0x00000000000496d5      0x3a0 ./Drivers/STM32F1xx_HAL_Driver/Src/stm32f1xx_ll_gpio.o
                                      0x38eab (size before relaxing)
 .debug_str     0x0000000000049a75      0x2bf ./Drivers/STM32F1xx_HAL_Driver/Src/stm32f1xx_ll_rcc.o
                                      0x38ce9 (size before relaxing)
 .debug_str     0x0000000000049d34     0x12b7 ./Drivers/STM32F1xx_HAL_Driver/Src/stm32f1xx_ll_tim.o
                                      0x3bbf0 (size before relaxing)
 .debug_str     0x000000000004afeb      0x7cf ./Drivers/STM32F1xx_HAL_Driver/Src/stm32f1xx_ll_usart.o
                                      0x3a8ce (size before relaxing)
 .debug_str     0x000000000004b7ba      0xc29 ./Drivers/STM32F1xx_HAL_Driver/Src/stm32f1xx_ll_utils.o
                                      0x39d00 (size before relaxing)

.comment        0x0000000000000000       0x50
 .comment       0x0000000000000000       0x50 ./Core/Src/Eeprom.o
                                         0x51 (size before relaxing)
 .comment       0x0000000000000050       0x51 ./Core/Src/General.o
 .comment       0x0000000000000050       0x51 ./Core/Src/Lib.o
 .comment       0x0000000000000050       0x51 ./Core/Src/main.o
 .comment       0x0000000000000050       0x51 ./Core/Src/stm32f1xx_it.o
 .comment       0x0000000000000050       0x51 ./Core/Src/system_stm32f1xx.o
 .comment       0x0000000000000050       0x51 ./Core/Src/usart.o
 .comment       0x0000000000000050       0x51 ./Drivers/STM32F1xx_HAL_Driver/Src/stm32f1xx_ll_adc.o
 .comment       0x0000000000000050       0x51 ./Drivers/STM32F1xx_HAL_Driver/Src/stm32f1xx_ll_gpio.o
 .comment       0x0000000000000050       0x51 ./Drivers/STM32F1xx_HAL_Driver/Src/stm32f1xx_ll_rcc.o
 .comment       0x0000000000000050       0x51 ./Drivers/STM32F1xx_HAL_Driver/Src/stm32f1xx_ll_tim.o
 .comment       0x0000000000000050       0x51 ./Drivers/STM32F1xx_HAL_Driver/Src/stm32f1xx_ll_usart.o
 .comment       0x0000000000000050       0x51 ./Drivers/STM32F1xx_HAL_Driver/Src/stm32f1xx_ll_utils.o

.debug_frame    0x0000000000000000     0x2d18
 .debug_frame   0x0000000000000000      0x354 ./Core/Src/Eeprom.o
 .debug_frame   0x0000000000000354      0x170 ./Core/Src/General.o
 .debug_frame   0x00000000000004c4      0x490 ./Core/Src/Lib.o
 .debug_frame   0x0000000000000954      0xb70 ./Core/Src/main.o
 .debug_frame   0x00000000000014c4      0x200 ./Core/Src/stm32f1xx_it.o
 .debug_frame   0x00000000000016c4       0x58 ./Core/Src/system_stm32f1xx.o
 .debug_frame   0x000000000000171c      0x394 ./Core/Src/usart.o
 .debug_frame   0x0000000000001ab0      0x2c8 ./Drivers/STM32F1xx_HAL_Driver/Src/stm32f1xx_ll_adc.o
 .debug_frame   0x0000000000001d78      0x170 ./Drivers/STM32F1xx_HAL_Driver/Src/stm32f1xx_ll_gpio.o
 .debug_frame   0x0000000000001ee8      0x300 ./Drivers/STM32F1xx_HAL_Driver/Src/stm32f1xx_ll_rcc.o
 .debug_frame   0x00000000000021e8      0x538 ./Drivers/STM32F1xx_HAL_Driver/Src/stm32f1xx_ll_tim.o
 .debug_frame   0x0000000000002720      0x234 ./Drivers/STM32F1xx_HAL_Driver/Src/stm32f1xx_ll_usart.o
 .debug_frame   0x0000000000002954      0x370 ./Drivers/STM32F1xx_HAL_Driver/Src/stm32f1xx_ll_utils.o
 .debug_frame   0x0000000000002cc4       0x2c c:/st/stm32cubeide_1.9.0/stm32cubeide/plugins/com.st.stm32cube.ide.mcu.externaltools.gnu-tools-for-stm32.10.3-2021.10.win32_1.0.0.202111181127/tools/bin/../lib/gcc/arm-none-eabi/10.3.1/../../../../arm-none-eabi/lib/thumb/v7-m/nofp\libc_nano.a(lib_a-init.o)
 .debug_frame   0x0000000000002cf0       0x28 c:/st/stm32cubeide_1.9.0/stm32cubeide/plugins/com.st.stm32cube.ide.mcu.externaltools.gnu-tools-for-stm32.10.3-2021.10.win32_1.0.0.202111181127/tools/bin/../lib/gcc/arm-none-eabi/10.3.1/../../../../arm-none-eabi/lib/thumb/v7-m/nofp\libc_nano.a(lib_a-memcpy-stub.o)
