Eeprom.c:10:9:flash_ready	4	static
Eeprom.c:15:6:flash_erase_page	16	static
Eeprom.c:32:6:flash_unlock	4	static
Eeprom.c:38:6:flash_lock	4	static
Eeprom.c:45:6:flash_write	16	static
Eeprom.c:72:9:flash_write_block	24	static,ignoring_inline_asm
Eeprom.c:96:9:flash_read_block	24	static
Eeprom.c:114:10:flash_read	32	static
Eeprom.c:133:9:CalibrationWriteToFlash_CRC	16	static,ignoring_inline_asm
Eeprom.c:160:9:SettingsWriteToFlash_CRC	16	static,ignoring_inline_asm
Eeprom.c:191:9:DataWhenPowerOffWriteToFlash_CRC	16	static,ignoring_inline_asm
Eeprom.c:219:9:FactoryWriteToFlash_CRC	16	static,ignoring_inline_asm
Eeprom.c:293:6:CalibrationWriteToFlash	8	static
Eeprom.c:309:6:CalibrationFactoryWriteToFlash	8	static
Eeprom.c:324:6:CalibrationReadFromFlash	8	static
Eeprom.c:338:6:CalibrationReadFromFlashForVerify	8	static
Eeprom.c:353:6:SettingsWriteToFlash	8	static
Eeprom.c:367:6:SettingsFactoryWriteToFlash	8	static
Eeprom.c:381:6:SettingsReadFromFlash	8	static
Eeprom.c:395:6:SettingsReadFromFlashForVerify	8	static
Eeprom.c:409:6:DataWhenPowerOffWriteToFlash	8	static
Eeprom.c:419:6:DataWhenPowerOff_Factory_WriteToFlash	8	static
Eeprom.c:428:6:DataWhenPowerOffReadFromFlash	8	static
Eeprom.c:436:6:DataWhenPowerOffReadFromFlashForVerify	8	static
Eeprom.c:450:9:ReadFromFlash	8	static,ignoring_inline_asm
Eeprom.c:483:9:CalcCRC8	272	static
