../Core/Src/Lib.c:2:8:itoa	40	static
../Core/Src/Lib.c:29:8:itoaP	40	static
../Core/Src/Lib.c:56:8:itoa_koma	64	static
../Core/Src/Lib.c:106:8:itoa_komaP	72	static
../Core/Src/Lib.c:154:9:Module16	16	static
../Core/Src/Lib.c:161:8:Module8	16	static
../Core/Src/Lib.c:167:9:Module32	16	static
../Core/Src/Lib.c:174:9:strlen1	24	static
../Core/Src/Lib.c:182:8:Merge2Strings	32	static
../Core/Src/Lib.c:196:8:Merge3Strings	32	static
../Core/Src/Lib.c:215:7:ClockStringWithSec	40	static
../Core/Src/Lib.c:263:7:ClockStringNoSec	40	static
../Core/Src/Lib.c:300:9:middle_of_3Imax1	32	static
../Core/Src/Lib.c:325:9:middle_of_3Imax2	32	static
../Core/Src/Lib.c:350:9:middle_of_3Imax3	32	static
../Core/Src/Lib.c:375:9:middle_of_3Umax1	32	static
../Core/Src/Lib.c:400:9:middle_of_3Umax2	32	static
../Core/Src/Lib.c:424:9:middle_of_3Umax3	32	static
../Core/Src/Lib.c:449:9:middle_of_3Umax4	32	static
../Core/Src/Lib.c:474:9:RunningAverageI1	24	static
../Core/Src/Lib.c:483:9:RunningAverageI2	24	static
../Core/Src/Lib.c:492:9:RunningAverageU1	24	static
../Core/Src/Lib.c:501:9:RunningAverageU2	24	static
../Core/Src/Lib.c:510:9:RunningAverageU3	24	static
../Core/Src/Lib.c:519:9:RunningAverageU4	24	static
../Core/Src/Lib.c:528:9:RunningAverageU5	24	static
../Core/Src/Lib.c:537:9:RunningAverageU6	24	static
../Core/Src/Lib.c:546:9:RunningAverageU7	24	static
../Core/Src/Lib.c:555:9:RunningAverageU8	24	static
