core_cm3.h:1480:22:__NVIC_SetPriorityGrouping	24	static
core_cm3.h:1499:26:__NVIC_GetPriorityGrouping	4	static
core_cm3.h:1511:22:__NVIC_EnableIRQ	16	static
core_cm3.h:1639:22:__NVIC_SetPriority	16	static
core_cm3.h:1686:26:NVIC_EncodePriority	40	static
core_cm3.h:1834:26:SysTick_Config	16	static
stm32f1xx_ll_adc.h:1619:26:LL_ADC_DMA_GetRegAddr	16	static
stm32f1xx_ll_adc.h:1659:22:LL_ADC_SetCommonPathInternalCh	16	static
stm32f1xx_ll_adc.h:2131:22:LL_ADC_REG_SetSequencerRanks	40	static,ignoring_inline_asm
stm32f1xx_ll_adc.h:2837:22:LL_ADC_SetChannelSamplingTime	56	static,ignoring_inline_asm
stm32f1xx_ll_adc.h:3245:22:LL_ADC_Enable	16	static
stm32f1xx_ll_adc.h:3287:22:LL_ADC_StartCalibration	16	static
stm32f1xx_ll_adc.h:3298:26:LL_ADC_IsCalibrationOnGoing	16	static
stm32f1xx_ll_adc.h:3327:22:LL_ADC_REG_StartConversionSWStart	16	static
stm32f1xx_ll_dma.h:454:22:LL_DMA_EnableChannel	16	static
stm32f1xx_ll_dma.h:553:22:LL_DMA_SetDataTransferDirection	24	static
stm32f1xx_ll_dma.h:602:22:LL_DMA_SetMode	24	static
stm32f1xx_ll_dma.h:647:22:LL_DMA_SetPeriphIncMode	24	static
stm32f1xx_ll_dma.h:692:22:LL_DMA_SetMemoryIncMode	24	static
stm32f1xx_ll_dma.h:738:22:LL_DMA_SetPeriphSize	24	static
stm32f1xx_ll_dma.h:785:22:LL_DMA_SetMemorySize	24	static
stm32f1xx_ll_dma.h:833:22:LL_DMA_SetChannelPriorityLevel	24	static
stm32f1xx_ll_dma.h:880:22:LL_DMA_SetDataLength	24	static
stm32f1xx_ll_dma.h:931:22:LL_DMA_ConfigAddresses	24	static
stm32f1xx_ll_rcc.h:774:22:LL_RCC_HSE_Enable	4	static
stm32f1xx_ll_rcc.h:794:26:LL_RCC_HSE_IsReady	4	static
stm32f1xx_ll_rcc.h:1014:22:LL_RCC_SetSysClkSource	16	static
stm32f1xx_ll_rcc.h:1027:26:LL_RCC_GetSysClkSource	4	static
stm32f1xx_ll_rcc.h:1047:22:LL_RCC_SetAHBPrescaler	16	static
stm32f1xx_ll_rcc.h:1063:22:LL_RCC_SetAPB1Prescaler	16	static
stm32f1xx_ll_rcc.h:1079:22:LL_RCC_SetAPB2Prescaler	16	static
stm32f1xx_ll_rcc.h:1223:22:LL_RCC_SetADCClockSource	16	static
stm32f1xx_ll_rcc.h:1387:22:LL_RCC_PLL_Enable	4	static
stm32f1xx_ll_rcc.h:1408:26:LL_RCC_PLL_IsReady	4	static
stm32f1xx_ll_rcc.h:1477:22:LL_RCC_PLL_ConfigDomain_SYS	16	static
stm32f1xx_ll_bus.h:269:22:LL_AHB1_GRP1_EnableClock	24	static
stm32f1xx_ll_bus.h:447:22:LL_APB1_GRP1_EnableClock	24	static
stm32f1xx_ll_bus.h:763:22:LL_APB2_GRP1_EnableClock	24	static
stm32f1xx_ll_tim.h:1063:22:LL_TIM_EnableCounter	16	static
stm32f1xx_ll_tim.h:1254:22:LL_TIM_DisableARRPreload	16	static
stm32f1xx_ll_tim.h:2627:22:LL_TIM_SetTriggerOutput	16	static
stm32f1xx_ll_tim.h:2693:22:LL_TIM_DisableMasterSlaveMode	16	static
stm32f1xx_ll_tim.h:3267:22:LL_TIM_EnableIT_UPDATE	16	static
stm32f1xx_ll_usart.h:411:22:LL_USART_Enable	16	static
stm32f1xx_ll_usart.h:1526:22:LL_USART_ConfigAsyncMode	16	static
stm32f1xx_ll_usart.h:2082:22:LL_USART_EnableIT_RXNE	16	static
stm32f1xx_ll_usart.h:2104:22:LL_USART_EnableIT_TXE	16	static
stm32f1xx_ll_gpio.h:723:26:LL_GPIO_IsInputPinSet	16	static
stm32f1xx_ll_gpio.h:833:22:LL_GPIO_ResetOutputPin	16	static
stm32f1xx_ll_gpio.h:1565:22:LL_GPIO_AF_Remap_SWJ_NOJTAG	4	static
main.c:169:6:OFF_Itself	8	static
main.c:187:6:AllBalansirON	4	static
main.c:199:6:AllBalansirOFF	4	static
main.c:215:6:Balansir_handler	16	static
main.c:270:6:MinVoltage_handler	16	static
main.c:312:6:OffByTimeOutIfNoAction_handler	8	static
main.c:320:6:RestoreAfterCurrentShort	8	static
main.c:336:6:VoltageLevelByLEDFlash	4	static
main.c:358:6:BUT_Debrief	16	static
main.c:393:15:BUT_GetKey	16	static
main.c:401:6:Start_Timer_sec	4	static
main.c:406:6:ReStart_Timer_sec	4	static
main.c:411:6:Stop_Timer_sec	4	static
main.c:420:6:SysTick_Callback	8	static
main.c:521:6:adc_func	32	static
main.c:739:6:MainScreenAnswer	24	static
main.c:818:6:SystemInfoAnswer	8	static
main.c:843:6:TIM7_Callback	16	static
main.c:898:6:Output_ON	8	static
main.c:903:6:Output_OFF	8	static
main.c:915:5:main	16	static
main.c:1107:6:SystemClock_Config	8	static
main.c:1144:13:MX_ADC1_Init	64	static
main.c:1315:13:MX_TIM7_Init	32	static
main.c:1353:13:MX_USART1_UART_Init	56	static
main.c:1411:13:MX_USART3_UART_Init	56	static
main.c:1466:13:MX_DMA_Init	8	static
main.c:1485:13:MX_GPIO_Init	32	static
main.c:1560:6:Error_Handler	4	static,ignoring_inline_asm
