../Drivers/STM32F1xx_HAL_Driver/Inc/stm32f1xx_ll_usart.h:1861:26:LL_USART_IsActiveFlag_TXE	16	static
../Drivers/STM32F1xx_HAL_Driver/Inc/stm32f1xx_ll_usart.h:2104:22:LL_USART_EnableIT_TXE	16	static
../Drivers/STM32F1xx_HAL_Driver/Inc/stm32f1xx_ll_usart.h:2200:22:LL_USART_DisableIT_TXE	16	static
../Drivers/STM32F1xx_HAL_Driver/Inc/stm32f1xx_ll_usart.h:2473:22:LL_USART_TransmitData8	16	static
../Core/Src/usart.c:14:6:printToBufferUART2	16	static
../Core/Src/usart.c:44:6:printToBufferWithoutEndUART2	16	static
../Core/Src/usart.c:65:6:printToBufferUART2D	32	static
../Core/Src/usart.c:115:6:Print_to_USART2	16	static
../Core/Src/usart.c:127:6:Print_to_USART2_d	32	static
../Core/Src/usart.c:150:6:putCharInBufferUart2	16	static
../Core/Src/usart.c:166:6:putStringInBufferUart2	16	static
../Core/Src/usart.c:172:6:putDataInBufferUart2	24	static
../Core/Src/usart.c:184:6:putCharDirectToUart2	16	static
../Core/Src/usart.c:191:6:putStringDirectToUart2	16	static
../Core/Src/usart.c:197:9:getCharFromBufferUART2	16	static
../Core/Src/usart.c:222:6:printToBufferUART1	16	static
../Core/Src/usart.c:252:6:printToBufferWithoutEndUART1	16	static
../Core/Src/usart.c:273:6:printToBufferUART1D	32	static
../Core/Src/usart.c:323:6:Print_to_USART1	16	static
../Core/Src/usart.c:335:6:Print_to_USART1_d	32	static
../Core/Src/usart.c:358:6:putCharInBufferUart1	16	static
../Core/Src/usart.c:374:6:putStringInBufferUart1	16	static
../Core/Src/usart.c:380:6:putCharDirectToUart1	16	static
../Core/Src/usart.c:387:6:putStringDirectToUart1	16	static
